// Jest Snapshot v1, https://goo.gl/fbAQLP

exports[`buildTileCommandCollection build tile command collection properly 1`] = `
{
  "commands": {
    "passages": [
      {
        "passage": 0,
      },
      {
        "passage": 15,
      },
      {
        "passage": 1,
      },
    ],
    "priorities": [
      {
        "priority": 0,
      },
      {
        "priority": 1,
      },
      {
        "priority": 2,
      },
      {
        "priority": 3,
      },
      {
        "priority": 4,
      },
      {
        "priority": 5,
      },
    ],
    "systemTags": [
      {
        "systemTag": 0,
      },
      {
        "systemTag": 424,
      },
      {
        "systemTag": 409,
      },
      {
        "systemTag": 410,
      },
      {
        "systemTag": 427,
      },
      {
        "systemTag": 385,
      },
      {
        "systemTag": 405,
      },
      {
        "systemTag": 390,
      },
      {
        "systemTag": 389,
      },
      {
        "systemTag": 429,
      },
      {
        "systemTag": 402,
      },
      {
        "systemTag": 404,
      },
      {
        "systemTag": 412,
      },
      {
        "systemTag": 411,
      },
    ],
    "terrainTags": [],
  },
  "passages": [
    0,
    0,
    0,
    0,
    0,
    0,
    0,
    0,
    0,
    0,
    0,
    0,
    0,
    0,
    0,
    0,
    0,
    0,
    0,
    0,
    0,
    0,
    0,
    0,
    0,
    0,
    0,
    0,
    0,
    0,
    0,
    0,
    0,
    0,
    0,
    0,
    0,
    0,
    0,
    0,
    0,
    0,
    0,
    0,
    0,
    0,
    0,
    0,
    0,
    0,
    0,
    0,
    0,
    0,
    0,
    0,
    0,
    0,
    0,
    0,
    0,
    0,
    0,
    0,
    0,
    0,
    0,
    0,
    0,
    0,
    0,
    0,
    0,
    0,
    0,
    0,
    0,
    0,
    0,
    0,
    0,
    0,
    0,
    0,
    0,
    0,
    0,
    0,
    0,
    0,
    0,
    0,
    0,
    0,
    0,
    0,
    0,
    0,
    0,
    0,
    0,
    0,
    0,
    0,
    0,
    0,
    0,
    0,
    0,
    0,
    0,
    0,
    0,
    0,
    0,
    0,
    0,
    0,
    0,
    0,
    0,
    0,
    0,
    0,
    0,
    0,
    0,
    0,
    0,
    0,
    0,
    0,
    0,
    0,
    0,
    0,
    0,
    0,
    0,
    0,
    0,
    0,
    0,
    0,
    0,
    0,
    0,
    0,
    0,
    0,
    0,
    0,
    0,
    0,
    0,
    0,
    0,
    0,
    0,
    0,
    0,
    0,
    0,
    0,
    0,
    0,
    0,
    0,
    0,
    0,
    0,
    0,
    0,
    0,
    0,
    0,
    0,
    0,
    0,
    0,
    0,
    0,
    0,
    0,
    0,
    0,
    0,
    0,
    0,
    0,
    0,
    0,
    0,
    0,
    0,
    0,
    0,
    0,
    0,
    0,
    0,
    0,
    0,
    0,
    0,
    0,
    0,
    0,
    0,
    0,
    0,
    0,
    0,
    0,
    0,
    0,
    0,
    0,
    0,
    0,
    0,
    0,
    0,
    0,
    0,
    0,
    0,
    0,
    0,
    0,
    0,
    0,
    0,
    0,
    0,
    0,
    0,
    0,
    0,
    0,
    0,
    0,
    0,
    0,
    0,
    0,
    0,
    0,
    0,
    0,
    0,
    0,
    0,
    0,
    0,
    0,
    0,
    0,
    0,
    0,
    0,
    0,
    0,
    0,
    0,
    0,
    0,
    0,
    0,
    0,
    0,
    0,
    0,
    0,
    0,
    0,
    0,
    0,
    0,
    0,
    0,
    0,
    0,
    0,
    0,
    0,
    0,
    0,
    0,
    0,
    0,
    0,
    0,
    0,
    0,
    0,
    0,
    0,
    0,
    0,
    0,
    0,
    0,
    0,
    0,
    0,
    0,
    0,
    0,
    0,
    0,
    0,
    0,
    0,
    0,
    0,
    0,
    0,
    0,
    0,
    0,
    0,
    0,
    0,
    0,
    0,
    0,
    0,
    0,
    0,
    0,
    0,
    0,
    0,
    0,
    0,
    0,
    0,
    0,
    0,
    0,
    0,
    0,
    0,
    0,
    0,
    0,
    0,
    0,
    0,
    0,
    0,
    0,
    0,
    0,
    0,
    0,
    0,
    0,
    0,
    0,
    0,
    0,
    0,
    0,
    0,
    0,
    0,
    0,
    0,
    0,
    0,
    0,
    0,
    0,
    0,
    0,
    0,
    0,
    0,
    0,
    0,
    0,
    0,
    0,
    0,
    0,
    0,
    0,
    0,
    0,
    0,
    0,
    0,
    0,
    0,
    0,
    0,
    0,
    0,
    0,
    0,
    0,
    0,
    0,
    0,
    0,
    0,
    0,
    0,
    0,
    0,
    0,
    0,
    0,
    0,
    0,
    0,
    0,
    0,
    0,
    0,
    0,
    0,
    0,
    0,
    0,
    0,
    0,
    0,
    0,
    0,
    0,
    0,
    0,
    0,
    0,
    0,
    0,
    0,
    0,
    0,
    0,
    0,
    0,
    0,
    0,
    0,
    0,
    0,
    0,
    0,
    0,
    0,
    0,
    0,
    0,
    0,
    0,
    0,
    0,
    0,
    0,
    0,
    0,
    0,
    0,
    0,
    0,
    0,
    0,
    0,
    0,
    0,
    0,
    0,
    0,
    0,
    0,
    0,
    0,
    0,
    0,
    0,
    0,
    0,
    0,
    0,
    0,
    0,
    0,
    0,
    0,
    0,
    0,
    0,
    0,
    0,
    0,
    0,
    0,
    0,
    0,
    0,
    0,
    0,
    0,
    0,
    0,
    0,
    0,
    0,
    0,
    0,
    0,
    0,
    0,
    0,
    0,
    0,
    0,
    0,
    0,
    0,
    0,
    0,
    0,
    0,
    0,
    0,
    0,
    0,
    0,
    0,
    0,
    0,
    0,
    0,
    0,
    0,
    0,
    0,
    0,
    0,
    0,
    0,
    0,
    0,
    0,
    0,
    0,
    0,
    0,
    0,
    0,
    0,
    0,
    0,
    0,
    0,
    0,
    0,
    0,
    0,
    0,
    0,
    0,
    0,
    0,
    0,
    0,
    0,
    0,
    0,
    0,
    0,
    0,
    0,
    0,
    0,
    0,
    0,
    0,
    0,
    0,
    0,
    0,
    0,
    0,
    0,
    0,
    0,
    0,
    0,
    0,
    0,
    0,
    0,
    0,
    0,
    0,
    0,
    0,
    0,
    0,
    0,
    0,
    0,
    0,
    0,
    0,
    0,
    0,
    0,
    0,
    0,
    0,
    0,
    0,
    0,
    0,
    0,
    0,
    0,
    0,
    0,
    0,
    0,
    0,
    0,
    0,
    0,
    0,
    0,
    0,
    0,
    0,
    0,
    0,
    0,
    0,
    0,
    0,
    0,
    0,
    0,
    0,
    0,
    0,
    0,
    0,
    0,
    0,
    0,
    0,
    0,
    0,
    0,
    0,
    0,
    0,
    0,
    0,
    0,
    0,
    0,
    0,
    0,
    0,
    0,
    0,
    0,
    0,
    0,
    0,
    0,
    0,
    0,
    0,
    0,
    0,
    0,
    0,
    0,
    0,
    0,
    0,
    0,
    0,
    0,
    0,
    0,
    0,
    0,
    0,
    0,
    0,
    0,
    0,
    0,
    0,
    0,
    0,
    0,
    0,
    0,
    0,
    0,
    0,
    0,
    0,
    0,
    0,
    0,
    0,
    0,
    0,
    0,
    0,
    0,
    0,
    0,
    0,
    0,
    0,
    0,
    0,
    0,
    0,
    0,
    0,
    0,
    0,
    0,
    0,
    0,
    0,
    0,
    0,
    0,
    0,
    0,
    0,
    0,
    0,
    0,
    0,
    0,
    0,
    0,
    0,
    0,
    0,
    0,
    0,
    0,
    0,
    0,
    0,
    0,
    0,
    0,
    0,
    0,
    0,
    0,
    0,
    0,
    0,
    0,
    0,
    0,
    0,
    0,
    0,
    0,
    0,
    0,
    0,
    0,
    0,
    0,
    0,
    0,
    0,
    0,
    0,
    0,
    0,
    0,
    0,
    0,
    0,
    0,
    0,
    0,
    0,
    0,
    0,
    0,
    0,
    0,
    0,
    0,
    0,
    0,
    0,
    0,
    0,
    0,
    0,
    0,
    0,
    0,
    0,
    0,
    0,
    0,
    0,
    0,
    0,
    0,
    0,
    0,
    0,
    0,
    0,
    0,
    0,
    0,
    0,
    0,
    0,
    0,
    0,
    0,
    0,
    0,
    0,
    0,
    0,
    0,
    0,
    0,
    0,
    0,
    0,
    0,
    0,
    0,
    0,
    0,
    0,
    0,
    0,
    0,
    0,
    0,
    0,
    0,
    0,
    0,
    0,
    0,
    0,
    0,
    0,
    0,
    0,
    0,
    0,
    0,
    0,
    0,
    0,
    0,
    0,
    0,
    0,
    0,
    0,
    0,
    0,
    0,
    0,
    0,
    15,
    0,
    0,
    0,
    0,
    0,
    15,
    0,
    0,
    0,
    0,
    0,
    0,
    0,
    0,
    0,
    0,
    0,
    0,
    0,
    0,
    0,
    0,
    0,
    0,
    0,
    0,
    0,
    0,
    0,
    0,
    0,
    0,
    0,
    0,
    0,
    0,
    0,
    0,
    0,
    0,
    0,
    0,
    0,
    0,
    0,
    0,
    0,
    0,
    0,
    0,
    0,
    0,
    0,
    0,
    0,
    0,
    0,
    0,
    0,
    0,
    0,
    0,
    0,
    0,
    0,
    0,
    0,
    15,
    0,
    0,
    0,
    0,
    0,
    15,
    0,
    0,
    0,
    0,
    0,
    0,
    0,
    0,
    0,
    0,
    0,
    0,
    0,
    0,
    0,
    0,
    0,
    0,
    0,
    0,
    0,
    0,
    0,
    0,
    0,
    0,
    0,
    0,
    0,
    0,
    0,
    0,
    0,
    0,
    0,
    0,
    0,
    0,
    0,
    0,
    0,
    0,
    0,
    0,
    0,
    0,
    0,
    0,
    0,
    0,
    0,
    0,
    0,
    0,
    0,
    0,
    0,
    0,
    0,
    0,
    0,
    15,
    0,
    0,
    0,
    0,
    0,
    15,
    0,
    0,
    0,
    0,
    0,
    0,
    0,
    0,
    0,
    0,
    0,
    0,
    0,
    0,
    0,
    0,
    0,
    0,
    0,
    0,
    0,
    0,
    0,
    0,
    0,
    0,
    0,
    0,
    0,
    0,
    0,
    0,
    0,
    0,
    0,
    0,
    0,
    0,
    0,
    0,
    0,
    0,
    0,
    0,
    0,
    0,
    0,
    0,
    0,
    0,
    0,
    0,
    0,
    0,
    0,
    0,
    0,
    0,
    0,
    0,
    0,
    15,
    0,
    0,
    0,
    0,
    0,
    15,
    0,
    0,
    0,
    0,
    0,
    0,
    0,
    0,
    0,
    0,
    0,
    0,
    0,
    0,
    0,
    0,
    0,
    0,
    0,
    0,
    0,
    0,
    0,
    0,
    0,
    0,
    0,
    0,
    0,
    0,
    0,
    0,
    0,
    0,
    0,
    0,
    0,
    0,
    0,
    0,
    0,
    0,
    0,
    0,
    0,
    0,
    0,
    0,
    0,
    0,
    0,
    0,
    0,
    0,
    0,
    0,
    0,
    0,
    0,
    0,
    0,
    15,
    0,
    0,
    0,
    0,
    0,
    15,
    0,
    0,
    0,
    0,
    0,
    0,
    0,
    0,
    0,
    0,
    0,
    0,
    0,
    0,
    0,
    0,
    0,
    0,
    0,
    0,
    0,
    0,
    0,
    0,
    0,
    0,
    0,
    0,
    0,
    0,
    0,
    0,
    0,
    0,
    0,
    0,
    0,
    0,
    0,
    0,
    0,
    0,
    0,
    0,
    0,
    0,
    0,
    0,
    0,
    0,
    0,
    0,
    0,
    0,
    0,
    0,
    0,
    0,
    0,
    0,
    0,
    0,
    0,
    0,
    0,
    0,
    0,
    0,
    0,
    0,
    0,
    0,
    0,
    0,
    0,
    0,
    0,
    0,
    0,
    0,
    0,
    0,
    0,
    0,
    0,
    0,
    0,
    0,
    0,
    0,
    0,
    0,
    0,
    0,
    0,
    0,
    0,
    0,
    0,
    0,
    0,
    0,
    0,
    0,
    0,
    0,
    0,
    0,
    0,
    0,
    0,
    0,
    0,
    0,
    0,
    0,
    0,
    0,
    0,
    0,
    0,
    0,
    0,
    0,
    0,
    0,
    0,
    0,
    0,
    0,
    0,
    0,
    0,
    0,
    0,
    0,
    0,
    0,
    0,
    0,
    0,
    0,
    0,
    0,
    0,
    0,
    0,
    0,
    0,
    0,
    0,
    0,
    0,
    0,
    0,
    0,
    0,
    0,
    0,
    0,
    0,
    0,
    0,
    0,
    0,
    0,
    0,
    0,
    0,
    0,
    0,
    0,
    0,
    0,
    0,
    0,
    0,
    0,
    0,
    0,
    0,
    0,
    0,
    0,
    0,
    0,
    0,
    0,
    0,
    0,
    0,
    0,
    0,
    0,
    0,
    0,
    0,
    0,
    0,
    0,
    0,
    0,
    0,
    0,
    0,
    0,
    0,
    0,
    0,
    0,
    0,
    0,
    0,
    0,
    0,
    0,
    0,
    0,
    0,
    0,
    0,
    0,
    0,
    0,
    0,
    0,
    0,
    0,
    0,
    0,
    0,
    0,
    0,
    0,
    0,
    0,
    0,
    0,
    0,
    0,
    0,
    0,
    0,
    0,
    0,
    0,
    0,
    0,
    0,
    0,
    0,
    0,
    0,
    0,
    0,
    0,
    0,
    0,
    0,
    0,
    0,
    0,
    0,
    0,
    0,
    0,
    0,
    0,
    15,
    15,
    15,
    15,
    15,
    0,
    0,
    0,
    0,
    0,
    0,
    0,
    0,
    0,
    0,
    0,
    0,
    0,
    0,
    0,
    0,
    0,
    0,
    0,
    0,
    0,
    0,
    0,
    0,
    0,
    0,
    0,
    0,
    0,
    0,
    0,
    0,
    0,
    0,
    0,
    0,
    0,
    0,
    0,
    0,
    0,
    0,
    0,
    0,
    0,
    0,
    0,
    0,
    0,
    0,
    0,
    0,
    0,
    0,
    0,
    0,
    0,
    0,
    0,
    0,
    0,
    0,
    0,
    15,
    15,
    15,
    15,
    15,
    0,
    0,
    0,
    0,
    0,
    0,
    0,
    0,
    0,
    0,
    0,
    0,
    0,
    0,
    0,
    0,
    0,
    0,
    0,
    0,
    0,
    0,
    0,
    0,
    0,
    0,
    0,
    0,
    0,
    0,
    0,
    0,
    0,
    0,
    0,
    0,
    0,
    0,
    0,
    0,
    0,
    0,
    0,
    0,
    0,
    0,
    0,
    0,
    0,
    0,
    0,
    0,
    0,
    0,
    0,
    0,
    0,
    0,
    0,
    0,
    0,
    0,
    0,
    0,
    0,
    0,
    0,
    0,
    0,
    0,
    0,
    0,
    0,
    0,
    0,
    0,
    0,
    0,
    0,
    0,
    0,
    0,
    0,
    0,
    0,
    0,
    0,
    0,
    0,
    0,
    0,
    0,
    0,
    0,
    0,
    0,
    0,
    0,
    0,
    0,
    0,
    0,
    0,
    0,
    0,
    0,
    0,
    0,
    0,
    0,
    0,
    0,
    0,
    0,
    0,
    0,
    0,
    0,
    0,
    0,
    0,
    0,
    0,
    0,
    0,
    0,
    0,
    0,
    0,
    0,
    0,
    0,
    0,
    0,
    0,
    0,
    0,
    0,
    0,
    0,
    0,
    0,
    0,
    0,
    0,
    0,
    0,
    0,
    0,
    0,
    0,
    0,
    0,
    0,
    0,
    0,
    0,
    0,
    0,
    0,
    0,
    0,
    0,
    0,
    0,
    0,
    0,
    0,
    0,
    0,
    0,
    0,
    0,
    0,
    0,
    0,
    0,
    0,
    0,
    0,
    0,
    0,
    0,
    0,
    0,
    0,
    0,
    0,
    0,
    0,
    0,
    0,
    0,
    0,
    0,
    0,
    0,
    0,
    0,
    0,
    0,
    0,
    0,
    0,
    0,
    0,
    0,
    0,
    0,
    0,
    0,
    0,
    0,
    0,
    0,
    0,
    0,
    0,
    0,
    0,
    0,
    0,
    0,
    0,
    0,
    0,
    0,
    0,
    0,
    0,
    0,
    0,
    0,
    0,
    0,
    0,
    0,
    0,
    0,
    0,
    0,
    0,
    0,
    0,
    0,
    0,
    0,
    0,
    0,
    0,
    0,
    0,
    0,
    0,
    0,
    0,
    0,
    0,
    0,
    0,
    0,
    0,
    0,
    0,
    0,
    0,
    0,
    0,
    0,
    0,
    0,
    0,
    0,
    0,
    0,
    0,
    0,
    0,
    0,
    0,
    0,
    0,
    0,
    0,
    0,
    0,
    0,
    0,
    0,
    0,
    0,
    0,
    0,
    0,
    0,
    0,
    0,
    0,
    0,
    0,
    0,
    0,
    0,
    0,
    0,
    0,
    0,
    0,
    0,
    0,
    0,
    0,
    0,
    0,
    0,
    0,
    0,
    0,
    0,
    0,
    0,
    0,
    0,
    0,
    0,
    0,
    0,
    0,
    0,
    0,
    0,
    0,
    0,
    0,
    0,
    0,
    0,
    0,
    0,
    0,
    0,
    0,
    0,
    0,
    0,
    0,
    0,
    0,
    0,
    0,
    0,
    0,
    0,
    0,
    0,
    0,
    0,
    0,
    0,
    0,
    0,
    0,
    0,
    0,
    0,
    0,
    0,
    0,
    0,
    0,
    0,
    0,
    0,
    0,
    0,
    0,
    0,
    0,
    0,
    0,
    0,
    0,
    0,
    0,
    0,
    0,
    0,
    0,
    0,
    0,
    0,
    0,
    0,
    0,
    0,
    0,
    0,
    0,
    0,
    0,
    0,
    0,
    0,
    1,
    1,
    1,
    1,
    1,
    0,
    0,
    0,
    0,
    0,
    0,
    0,
    0,
    0,
    0,
    0,
    0,
    0,
    0,
    0,
    0,
    0,
    0,
    0,
    0,
    0,
    0,
    0,
    0,
    0,
    0,
    0,
    0,
    0,
    0,
    0,
    0,
    0,
    0,
    0,
    0,
    0,
    0,
    0,
    0,
    0,
    0,
    0,
    0,
    0,
    0,
    0,
    0,
    0,
    0,
    0,
    0,
    0,
    0,
    0,
    0,
    0,
    0,
    0,
    0,
    0,
    0,
    0,
    0,
    0,
    0,
    0,
    0,
    0,
    0,
    0,
    0,
    0,
    0,
    0,
    0,
    0,
    0,
    0,
    0,
    0,
    0,
    0,
    0,
    0,
    0,
    0,
    0,
    0,
    0,
    0,
    0,
    0,
    0,
    0,
    0,
    0,
    0,
    0,
    0,
    0,
    0,
    0,
    0,
    0,
    0,
    0,
    0,
    0,
    0,
    0,
    0,
    0,
    0,
    0,
    0,
    0,
    0,
    0,
    0,
    0,
    0,
    0,
    0,
    0,
    0,
    0,
    0,
    0,
    0,
    0,
    0,
    0,
    0,
    0,
    0,
    0,
    0,
    0,
    0,
    0,
    0,
    0,
    0,
    0,
    0,
    0,
    0,
    0,
    0,
    0,
    0,
    0,
    0,
    0,
    0,
    0,
    0,
    0,
    0,
    0,
    0,
    0,
    0,
    0,
    0,
    0,
    0,
    0,
    0,
    0,
    0,
    0,
    0,
    0,
    0,
    0,
    0,
    0,
    0,
    0,
    0,
    0,
    0,
    0,
    0,
    0,
    0,
    0,
    0,
    0,
    0,
    0,
    0,
    0,
    0,
    0,
    0,
    0,
    0,
    0,
    0,
    0,
    0,
    0,
    0,
    0,
    0,
    0,
    0,
    0,
    0,
    0,
    0,
    0,
    0,
    0,
    0,
    0,
    0,
    0,
    0,
    0,
    0,
    0,
    0,
    0,
    0,
    0,
    0,
    0,
    0,
    0,
    0,
    0,
    0,
    0,
    0,
    0,
    0,
    0,
    0,
    0,
    0,
    0,
    0,
    0,
    0,
    0,
    0,
    0,
    0,
    0,
    0,
    0,
    0,
    0,
    0,
    0,
    0,
    0,
    0,
  ],
  "systemTags": [
    0,
    0,
    0,
    424,
    424,
    424,
    424,
    0,
    0,
    0,
    0,
    0,
    0,
    0,
    0,
    424,
    424,
    424,
    424,
    0,
    0,
    0,
    0,
    0,
    0,
    0,
    0,
    424,
    424,
    424,
    424,
    0,
    0,
    0,
    0,
    0,
    0,
    0,
    424,
    424,
    424,
    424,
    0,
    0,
    0,
    0,
    0,
    0,
    0,
    0,
    424,
    424,
    424,
    424,
    0,
    0,
    0,
    0,
    0,
    0,
    0,
    409,
    409,
    410,
    0,
    0,
    0,
    0,
    0,
    0,
    424,
    427,
    427,
    427,
    427,
    424,
    0,
    0,
    0,
    0,
    0,
    0,
    424,
    427,
    427,
    427,
    427,
    424,
    0,
    0,
    0,
    0,
    0,
    0,
    424,
    427,
    427,
    427,
    427,
    424,
    0,
    0,
    0,
    0,
    0,
    424,
    427,
    427,
    427,
    427,
    424,
    0,
    0,
    0,
    0,
    0,
    0,
    424,
    427,
    427,
    427,
    427,
    424,
    0,
    0,
    0,
    0,
    0,
    0,
    409,
    409,
    410,
    0,
    0,
    0,
    0,
    0,
    0,
    385,
    385,
    385,
    385,
    385,
    385,
    0,
    0,
    0,
    0,
    0,
    0,
    385,
    385,
    385,
    385,
    385,
    385,
    0,
    0,
    0,
    0,
    0,
    0,
    405,
    405,
    405,
    405,
    405,
    405,
    0,
    0,
    0,
    0,
    0,
    390,
    390,
    390,
    390,
    390,
    390,
    0,
    0,
    0,
    0,
    0,
    0,
    389,
    389,
    389,
    389,
    389,
    389,
    0,
    0,
    0,
    0,
    0,
    0,
    409,
    409,
    410,
    0,
    0,
    0,
    0,
    0,
    424,
    385,
    385,
    385,
    385,
    385,
    385,
    424,
    0,
    0,
    0,
    0,
    424,
    385,
    385,
    385,
    385,
    385,
    385,
    424,
    0,
    0,
    0,
    0,
    424,
    405,
    405,
    405,
    405,
    405,
    405,
    424,
    0,
    0,
    0,
    424,
    390,
    390,
    390,
    390,
    390,
    390,
    424,
    0,
    0,
    0,
    0,
    424,
    389,
    389,
    389,
    389,
    389,
    389,
    424,
    0,
    0,
    0,
    0,
    0,
    409,
    409,
    410,
    0,
    0,
    0,
    0,
    424,
    429,
    385,
    385,
    385,
    385,
    385,
    385,
    429,
    424,
    0,
    0,
    424,
    429,
    385,
    385,
    385,
    385,
    385,
    385,
    429,
    424,
    0,
    0,
    424,
    429,
    405,
    405,
    405,
    405,
    405,
    405,
    429,
    424,
    0,
    424,
    429,
    390,
    390,
    390,
    390,
    390,
    390,
    429,
    424,
    0,
    0,
    424,
    429,
    389,
    389,
    389,
    389,
    389,
    389,
    429,
    424,
    0,
    0,
    0,
    0,
    409,
    409,
    410,
    0,
    0,
    0,
    0,
    424,
    429,
    385,
    385,
    385,
    385,
    385,
    385,
    429,
    424,
    0,
    0,
    424,
    429,
    385,
    385,
    385,
    385,
    385,
    385,
    429,
    424,
    0,
    0,
    424,
    429,
    405,
    405,
    405,
    405,
    405,
    405,
    429,
    424,
    0,
    424,
    429,
    390,
    390,
    390,
    390,
    390,
    390,
    429,
    424,
    0,
    0,
    424,
    429,
    389,
    389,
    389,
    389,
    389,
    389,
    429,
    424,
    0,
    0,
    0,
    0,
    409,
    409,
    410,
    0,
    0,
    0,
    0,
    424,
    429,
    385,
    385,
    385,
    385,
    385,
    385,
    429,
    424,
    0,
    0,
    424,
    429,
    385,
    385,
    385,
    385,
    385,
    385,
    429,
    424,
    0,
    0,
    424,
    429,
    405,
    405,
    405,
    405,
    405,
    405,
    429,
    424,
    0,
    424,
    429,
    390,
    390,
    390,
    390,
    390,
    390,
    429,
    424,
    0,
    0,
    424,
    429,
    389,
    389,
    389,
    389,
    389,
    389,
    429,
    424,
    0,
    0,
    0,
    0,
    409,
    409,
    410,
    0,
    0,
    0,
    0,
    0,
    424,
    385,
    385,
    385,
    385,
    385,
    385,
    424,
    0,
    0,
    0,
    0,
    424,
    385,
    385,
    385,
    385,
    385,
    385,
    424,
    0,
    0,
    0,
    0,
    424,
    405,
    405,
    405,
    405,
    405,
    405,
    424,
    0,
    0,
    0,
    424,
    390,
    390,
    390,
    390,
    390,
    390,
    424,
    0,
    0,
    0,
    0,
    424,
    389,
    389,
    389,
    389,
    389,
    389,
    424,
    0,
    0,
    0,
    0,
    0,
    409,
    409,
    410,
    0,
    0,
    0,
    0,
    0,
    0,
    385,
    385,
    385,
    385,
    385,
    385,
    0,
    0,
    0,
    0,
    0,
    0,
    385,
    385,
    385,
    385,
    385,
    385,
    0,
    0,
    0,
    0,
    0,
    0,
    405,
    405,
    405,
    405,
    405,
    405,
    0,
    0,
    0,
    0,
    0,
    390,
    390,
    390,
    390,
    390,
    390,
    0,
    0,
    0,
    0,
    0,
    0,
    389,
    389,
    389,
    389,
    389,
    389,
    0,
    0,
    0,
    0,
    0,
    0,
    409,
    409,
    410,
    0,
    0,
    0,
    0,
    0,
    0,
    385,
    385,
    385,
    385,
    385,
    385,
    0,
    0,
    0,
    0,
    0,
    0,
    385,
    385,
    385,
    385,
    385,
    385,
    0,
    0,
    0,
    0,
    0,
    0,
    405,
    405,
    405,
    405,
    405,
    405,
    0,
    0,
    0,
    0,
    0,
    0,
    0,
    0,
    0,
    0,
    0,
    0,
    0,
    0,
    0,
    0,
    0,
    0,
    0,
    0,
    0,
    0,
    0,
    0,
    0,
    0,
    0,
    0,
    0,
    409,
    409,
    410,
    0,
    0,
    0,
    0,
    0,
    0,
    424,
    427,
    427,
    427,
    427,
    424,
    0,
    0,
    0,
    0,
    0,
    0,
    424,
    427,
    427,
    427,
    427,
    424,
    0,
    0,
    0,
    0,
    0,
    0,
    424,
    427,
    427,
    427,
    427,
    424,
    0,
    0,
    0,
    0,
    0,
    0,
    427,
    427,
    427,
    427,
    0,
    0,
    0,
    0,
    0,
    0,
    0,
    0,
    427,
    427,
    427,
    427,
    0,
    0,
    0,
    0,
    0,
    0,
    0,
    409,
    409,
    410,
    0,
    0,
    0,
    0,
    0,
    0,
    0,
    424,
    424,
    424,
    424,
    0,
    0,
    0,
    0,
    0,
    0,
    0,
    0,
    424,
    424,
    424,
    424,
    0,
    0,
    0,
    0,
    0,
    0,
    0,
    0,
    424,
    424,
    424,
    424,
    0,
    0,
    0,
    0,
    0,
    0,
    0,
    0,
    0,
    0,
    0,
    0,
    0,
    0,
    0,
    0,
    0,
    0,
    0,
    0,
    0,
    0,
    0,
    0,
    0,
    0,
    0,
    0,
    0,
    0,
    409,
    409,
    410,
    0,
    0,
    0,
    0,
    0,
    0,
    0,
    0,
    0,
    0,
    0,
    0,
    0,
    0,
    0,
    0,
    0,
    0,
    0,
    0,
    0,
    0,
    0,
    0,
    0,
    0,
    0,
    0,
    0,
    0,
    0,
    0,
    0,
    0,
    0,
    0,
    0,
    0,
    0,
    0,
    0,
    0,
    0,
    0,
    0,
    0,
    0,
    0,
    0,
    0,
    0,
    0,
    0,
    0,
    0,
    0,
    0,
    0,
    0,
    0,
    0,
    0,
    0,
    0,
    0,
    409,
    409,
    410,
    0,
    0,
    0,
    0,
    0,
    424,
    385,
    385,
    385,
    385,
    385,
    385,
    385,
    424,
    0,
    0,
    0,
    424,
    385,
    385,
    385,
    385,
    385,
    385,
    385,
    424,
    0,
    0,
    0,
    424,
    405,
    405,
    405,
    405,
    405,
    405,
    405,
    424,
    0,
    0,
    0,
    424,
    390,
    390,
    390,
    390,
    390,
    390,
    390,
    424,
    0,
    0,
    0,
    424,
    389,
    389,
    389,
    389,
    389,
    389,
    389,
    424,
    0,
    0,
    0,
    409,
    409,
    410,
    0,
    0,
    0,
    0,
    424,
    427,
    385,
    385,
    385,
    385,
    385,
    385,
    385,
    427,
    424,
    0,
    424,
    427,
    385,
    385,
    385,
    385,
    385,
    385,
    385,
    427,
    424,
    0,
    424,
    427,
    405,
    405,
    405,
    405,
    405,
    405,
    405,
    427,
    424,
    0,
    424,
    427,
    390,
    390,
    390,
    390,
    390,
    390,
    390,
    427,
    424,
    0,
    424,
    427,
    389,
    389,
    389,
    389,
    389,
    389,
    389,
    427,
    424,
    0,
    0,
    409,
    409,
    410,
    0,
    0,
    0,
    0,
    424,
    427,
    385,
    385,
    385,
    385,
    385,
    385,
    385,
    427,
    424,
    0,
    424,
    427,
    385,
    385,
    385,
    385,
    385,
    385,
    385,
    427,
    424,
    0,
    424,
    427,
    405,
    405,
    405,
    405,
    405,
    405,
    405,
    427,
    424,
    0,
    424,
    427,
    390,
    390,
    390,
    390,
    390,
    390,
    390,
    427,
    424,
    0,
    424,
    427,
    389,
    389,
    389,
    389,
    389,
    389,
    389,
    427,
    424,
    0,
    0,
    409,
    409,
    410,
    0,
    0,
    0,
    0,
    424,
    427,
    385,
    385,
    385,
    385,
    385,
    385,
    385,
    427,
    424,
    0,
    424,
    427,
    385,
    385,
    385,
    385,
    385,
    385,
    385,
    427,
    424,
    0,
    424,
    427,
    405,
    405,
    405,
    405,
    405,
    405,
    405,
    427,
    424,
    0,
    424,
    427,
    390,
    390,
    390,
    390,
    390,
    390,
    390,
    427,
    424,
    0,
    424,
    427,
    389,
    389,
    389,
    389,
    389,
    389,
    389,
    427,
    424,
    0,
    0,
    409,
    409,
    410,
    0,
    0,
    0,
    0,
    0,
    424,
    385,
    385,
    385,
    385,
    385,
    385,
    385,
    424,
    0,
    0,
    0,
    424,
    385,
    385,
    385,
    385,
    385,
    385,
    385,
    424,
    0,
    0,
    0,
    424,
    405,
    405,
    405,
    405,
    405,
    405,
    405,
    424,
    0,
    0,
    0,
    424,
    390,
    390,
    390,
    390,
    390,
    390,
    390,
    424,
    0,
    0,
    0,
    424,
    389,
    389,
    389,
    389,
    389,
    389,
    389,
    424,
    0,
    0,
    0,
    409,
    409,
    410,
    0,
    0,
    0,
    0,
    0,
    0,
    0,
    0,
    0,
    0,
    0,
    0,
    0,
    0,
    0,
    0,
    0,
    0,
    0,
    0,
    0,
    0,
    0,
    0,
    0,
    0,
    0,
    0,
    0,
    0,
    0,
    0,
    0,
    0,
    0,
    0,
    0,
    0,
    0,
    0,
    0,
    0,
    0,
    0,
    0,
    0,
    0,
    0,
    0,
    0,
    0,
    0,
    0,
    0,
    0,
    0,
    0,
    0,
    0,
    0,
    0,
    0,
    0,
    0,
    0,
    409,
    409,
    410,
    0,
    0,
    0,
    0,
    0,
    0,
    0,
    0,
    0,
    0,
    424,
    424,
    424,
    0,
    0,
    0,
    0,
    0,
    0,
    0,
    0,
    0,
    424,
    424,
    424,
    0,
    0,
    0,
    0,
    0,
    0,
    0,
    0,
    0,
    424,
    424,
    424,
    0,
    0,
    0,
    0,
    0,
    0,
    0,
    424,
    424,
    424,
    0,
    0,
    0,
    0,
    0,
    0,
    0,
    0,
    0,
    424,
    424,
    424,
    0,
    0,
    0,
    0,
    0,
    0,
    409,
    409,
    410,
    0,
    0,
    0,
    0,
    0,
    0,
    0,
    0,
    0,
    424,
    427,
    427,
    427,
    424,
    0,
    0,
    0,
    0,
    0,
    0,
    0,
    424,
    427,
    427,
    427,
    424,
    0,
    0,
    0,
    0,
    0,
    0,
    0,
    424,
    427,
    427,
    427,
    424,
    0,
    0,
    0,
    0,
    0,
    424,
    427,
    427,
    427,
    424,
    0,
    0,
    0,
    0,
    0,
    0,
    0,
    424,
    427,
    427,
    427,
    424,
    0,
    0,
    0,
    0,
    0,
    409,
    409,
    410,
    0,
    0,
    0,
    0,
    0,
    0,
    0,
    0,
    0,
    0,
    0,
    0,
    0,
    0,
    0,
    0,
    0,
    0,
    0,
    0,
    0,
    385,
    385,
    385,
    385,
    385,
    0,
    0,
    0,
    0,
    0,
    0,
    0,
    405,
    405,
    405,
    405,
    405,
    0,
    0,
    0,
    0,
    0,
    390,
    390,
    390,
    390,
    390,
    0,
    0,
    0,
    0,
    0,
    0,
    0,
    389,
    389,
    389,
    389,
    389,
    0,
    0,
    0,
    0,
    0,
    409,
    409,
    410,
    0,
    0,
    0,
    0,
    0,
    0,
    0,
    0,
    0,
    0,
    0,
    0,
    0,
    0,
    0,
    0,
    0,
    0,
    0,
    0,
    0,
    385,
    385,
    385,
    385,
    385,
    0,
    0,
    0,
    0,
    0,
    0,
    0,
    405,
    405,
    405,
    405,
    405,
    0,
    0,
    0,
    0,
    0,
    390,
    390,
    390,
    390,
    390,
    0,
    0,
    0,
    0,
    0,
    0,
    0,
    389,
    389,
    389,
    389,
    389,
    0,
    0,
    0,
    0,
    0,
    409,
    409,
    410,
    0,
    0,
    0,
    0,
    0,
    0,
    0,
    0,
    0,
    385,
    385,
    385,
    385,
    385,
    0,
    0,
    0,
    0,
    0,
    0,
    0,
    385,
    385,
    385,
    385,
    385,
    0,
    0,
    0,
    0,
    0,
    0,
    0,
    405,
    405,
    405,
    405,
    405,
    0,
    0,
    0,
    0,
    0,
    390,
    390,
    390,
    390,
    390,
    0,
    0,
    0,
    0,
    0,
    0,
    0,
    389,
    389,
    389,
    389,
    389,
    0,
    0,
    0,
    0,
    0,
    409,
    409,
    410,
    0,
    0,
    0,
    0,
    0,
    0,
    0,
    0,
    0,
    385,
    385,
    385,
    385,
    385,
    0,
    0,
    0,
    0,
    0,
    0,
    0,
    385,
    385,
    385,
    385,
    385,
    0,
    0,
    0,
    0,
    0,
    0,
    0,
    405,
    405,
    405,
    405,
    405,
    0,
    0,
    0,
    0,
    0,
    390,
    390,
    390,
    390,
    390,
    0,
    0,
    0,
    0,
    0,
    0,
    0,
    389,
    389,
    389,
    389,
    389,
    0,
    0,
    0,
    0,
    0,
    409,
    409,
    410,
    0,
    0,
    0,
    0,
    0,
    0,
    0,
    0,
    0,
    385,
    385,
    385,
    385,
    385,
    0,
    0,
    0,
    0,
    0,
    0,
    0,
    385,
    385,
    385,
    385,
    385,
    0,
    0,
    0,
    0,
    0,
    0,
    0,
    405,
    405,
    405,
    405,
    405,
    0,
    0,
    0,
    0,
    0,
    390,
    390,
    390,
    390,
    390,
    0,
    0,
    0,
    0,
    0,
    0,
    0,
    389,
    389,
    389,
    389,
    389,
    0,
    0,
    0,
    0,
    0,
    409,
    409,
    410,
    0,
    0,
    0,
    0,
    0,
    0,
    0,
    0,
    0,
    385,
    385,
    385,
    385,
    385,
    0,
    0,
    0,
    0,
    0,
    0,
    0,
    385,
    385,
    385,
    385,
    385,
    0,
    0,
    0,
    0,
    0,
    0,
    0,
    405,
    405,
    405,
    405,
    405,
    0,
    0,
    0,
    0,
    0,
    390,
    390,
    390,
    390,
    390,
    0,
    0,
    0,
    0,
    0,
    0,
    0,
    389,
    389,
    389,
    389,
    389,
    0,
    0,
    0,
    0,
    0,
    409,
    409,
    410,
    0,
    0,
    0,
    0,
    0,
    0,
    0,
    0,
    0,
    385,
    385,
    385,
    385,
    385,
    0,
    0,
    0,
    0,
    0,
    0,
    0,
    385,
    385,
    385,
    385,
    385,
    0,
    0,
    0,
    0,
    0,
    0,
    0,
    405,
    405,
    405,
    405,
    405,
    0,
    0,
    0,
    0,
    0,
    390,
    390,
    390,
    390,
    390,
    0,
    0,
    0,
    0,
    0,
    0,
    0,
    389,
    389,
    389,
    389,
    389,
    0,
    0,
    0,
    0,
    0,
    409,
    409,
    410,
    0,
    0,
    0,
    0,
    0,
    0,
    0,
    0,
    0,
    385,
    385,
    385,
    385,
    385,
    0,
    0,
    0,
    0,
    0,
    0,
    0,
    385,
    385,
    385,
    385,
    385,
    0,
    0,
    0,
    0,
    0,
    0,
    0,
    405,
    405,
    405,
    405,
    405,
    0,
    0,
    0,
    0,
    0,
    390,
    390,
    390,
    390,
    390,
    0,
    0,
    0,
    0,
    0,
    0,
    0,
    389,
    389,
    389,
    389,
    389,
    0,
    0,
    0,
    0,
    0,
    409,
    409,
    410,
    0,
    0,
    0,
    0,
    0,
    0,
    0,
    0,
    0,
    424,
    427,
    427,
    427,
    424,
    0,
    0,
    0,
    0,
    0,
    0,
    0,
    424,
    427,
    427,
    427,
    424,
    0,
    0,
    0,
    0,
    0,
    0,
    0,
    424,
    427,
    427,
    427,
    424,
    0,
    0,
    0,
    0,
    0,
    424,
    427,
    427,
    427,
    424,
    0,
    0,
    0,
    0,
    0,
    0,
    0,
    424,
    427,
    427,
    427,
    424,
    0,
    0,
    0,
    0,
    0,
    409,
    409,
    410,
    0,
    0,
    0,
    0,
    0,
    0,
    0,
    0,
    0,
    0,
    424,
    424,
    424,
    0,
    0,
    0,
    0,
    0,
    0,
    0,
    0,
    0,
    424,
    424,
    424,
    0,
    0,
    0,
    0,
    0,
    0,
    0,
    0,
    0,
    424,
    424,
    424,
    0,
    0,
    0,
    0,
    0,
    0,
    0,
    424,
    424,
    424,
    0,
    0,
    0,
    0,
    0,
    0,
    0,
    0,
    0,
    424,
    424,
    424,
    0,
    0,
    0,
    0,
    0,
    0,
    409,
    409,
    410,
    0,
    0,
    0,
    0,
    0,
    0,
    0,
    0,
    0,
    0,
    0,
    0,
    0,
    0,
    0,
    0,
    0,
    0,
    0,
    0,
    0,
    0,
    0,
    0,
    0,
    0,
    0,
    0,
    0,
    0,
    0,
    0,
    0,
    0,
    0,
    0,
    0,
    0,
    0,
    0,
    0,
    0,
    0,
    0,
    0,
    0,
    0,
    0,
    0,
    0,
    0,
    0,
    0,
    0,
    0,
    0,
    0,
    0,
    0,
    0,
    0,
    0,
    0,
    0,
    0,
    0,
    0,
    0,
    0,
    0,
    0,
    0,
  ],
  "systemTagsBridge1": [
    0,
    0,
    0,
    0,
    0,
    0,
    0,
    0,
    0,
    0,
    0,
    0,
    0,
    0,
    0,
    0,
    0,
    0,
    0,
    0,
    0,
    0,
    0,
    0,
    0,
    0,
    0,
    0,
    0,
    0,
    0,
    0,
    0,
    0,
    0,
    0,
    0,
    0,
    0,
    0,
    0,
    0,
    0,
    0,
    0,
    0,
    0,
    0,
    0,
    0,
    0,
    0,
    0,
    0,
    0,
    0,
    0,
    0,
    0,
    0,
    0,
    0,
    0,
    0,
    0,
    0,
    0,
    0,
    0,
    0,
    0,
    0,
    0,
    0,
    0,
    0,
    0,
    0,
    0,
    0,
    0,
    0,
    0,
    0,
    0,
    0,
    0,
    0,
    0,
    0,
    0,
    0,
    0,
    0,
    0,
    0,
    0,
    0,
    0,
    0,
    0,
    0,
    0,
    0,
    0,
    0,
    0,
    0,
    0,
    0,
    0,
    0,
    0,
    0,
    0,
    0,
    0,
    0,
    0,
    0,
    0,
    0,
    0,
    0,
    0,
    0,
    0,
    0,
    0,
    0,
    0,
    0,
    0,
    0,
    0,
    0,
    0,
    0,
    0,
    402,
    402,
    402,
    402,
    0,
    0,
    0,
    0,
    0,
    0,
    0,
    0,
    402,
    402,
    402,
    402,
    0,
    0,
    0,
    0,
    0,
    0,
    0,
    0,
    402,
    402,
    402,
    402,
    0,
    0,
    0,
    0,
    0,
    0,
    0,
    402,
    402,
    402,
    402,
    0,
    0,
    0,
    0,
    0,
    0,
    0,
    0,
    402,
    402,
    402,
    402,
    0,
    0,
    0,
    0,
    0,
    0,
    0,
    0,
    0,
    0,
    0,
    0,
    0,
    0,
    0,
    0,
    0,
    402,
    402,
    402,
    402,
    0,
    0,
    0,
    0,
    0,
    0,
    0,
    0,
    402,
    402,
    402,
    402,
    0,
    0,
    0,
    0,
    0,
    0,
    0,
    0,
    402,
    402,
    402,
    402,
    0,
    0,
    0,
    0,
    0,
    0,
    0,
    402,
    402,
    402,
    402,
    0,
    0,
    0,
    0,
    0,
    0,
    0,
    0,
    402,
    402,
    402,
    402,
    0,
    0,
    0,
    0,
    0,
    0,
    0,
    0,
    0,
    0,
    0,
    0,
    0,
    0,
    0,
    0,
    0,
    402,
    402,
    402,
    402,
    0,
    0,
    0,
    0,
    0,
    0,
    0,
    0,
    402,
    402,
    402,
    402,
    0,
    0,
    0,
    0,
    0,
    0,
    0,
    0,
    402,
    402,
    402,
    402,
    0,
    0,
    0,
    0,
    0,
    0,
    0,
    402,
    402,
    402,
    402,
    0,
    0,
    0,
    0,
    0,
    0,
    0,
    0,
    402,
    402,
    402,
    402,
    0,
    0,
    0,
    0,
    0,
    0,
    0,
    0,
    0,
    0,
    0,
    0,
    0,
    0,
    0,
    0,
    0,
    402,
    402,
    402,
    402,
    0,
    0,
    0,
    0,
    0,
    0,
    0,
    0,
    402,
    402,
    402,
    402,
    0,
    0,
    0,
    0,
    0,
    0,
    0,
    0,
    402,
    402,
    402,
    402,
    0,
    0,
    0,
    0,
    0,
    0,
    0,
    402,
    402,
    402,
    402,
    0,
    0,
    0,
    0,
    0,
    0,
    0,
    0,
    402,
    402,
    402,
    402,
    0,
    0,
    0,
    0,
    0,
    0,
    0,
    0,
    0,
    0,
    0,
    0,
    0,
    0,
    0,
    0,
    0,
    402,
    402,
    402,
    402,
    0,
    0,
    0,
    0,
    0,
    0,
    0,
    0,
    402,
    402,
    402,
    402,
    0,
    0,
    0,
    0,
    0,
    0,
    0,
    0,
    402,
    402,
    402,
    402,
    0,
    0,
    0,
    0,
    0,
    0,
    0,
    402,
    402,
    402,
    402,
    0,
    0,
    0,
    0,
    0,
    0,
    0,
    0,
    402,
    402,
    402,
    402,
    0,
    0,
    0,
    0,
    0,
    0,
    0,
    0,
    0,
    0,
    0,
    0,
    0,
    0,
    0,
    0,
    0,
    402,
    402,
    402,
    402,
    0,
    0,
    0,
    0,
    0,
    0,
    0,
    0,
    402,
    402,
    402,
    402,
    0,
    0,
    0,
    0,
    0,
    0,
    0,
    0,
    402,
    402,
    402,
    402,
    0,
    0,
    0,
    0,
    0,
    0,
    0,
    402,
    402,
    402,
    402,
    0,
    0,
    0,
    0,
    0,
    0,
    0,
    0,
    402,
    402,
    402,
    402,
    0,
    0,
    0,
    0,
    0,
    0,
    0,
    0,
    0,
    0,
    0,
    0,
    0,
    0,
    0,
    0,
    0,
    402,
    402,
    402,
    402,
    0,
    0,
    0,
    0,
    0,
    0,
    0,
    0,
    402,
    402,
    402,
    402,
    0,
    0,
    0,
    0,
    0,
    0,
    0,
    0,
    402,
    402,
    402,
    402,
    0,
    0,
    0,
    0,
    0,
    0,
    0,
    402,
    402,
    402,
    402,
    0,
    0,
    0,
    0,
    0,
    0,
    0,
    0,
    402,
    402,
    402,
    402,
    0,
    0,
    0,
    0,
    0,
    0,
    0,
    0,
    0,
    0,
    0,
    0,
    0,
    0,
    0,
    0,
    0,
    402,
    402,
    402,
    402,
    0,
    0,
    0,
    0,
    0,
    0,
    0,
    0,
    402,
    402,
    402,
    402,
    0,
    0,
    0,
    0,
    0,
    0,
    0,
    0,
    402,
    402,
    402,
    402,
    0,
    0,
    0,
    0,
    0,
    0,
    0,
    402,
    402,
    402,
    402,
    0,
    0,
    0,
    0,
    0,
    0,
    0,
    0,
    402,
    402,
    402,
    402,
    0,
    0,
    0,
    0,
    0,
    0,
    0,
    0,
    0,
    0,
    0,
    0,
    0,
    0,
    0,
    0,
    0,
    0,
    0,
    0,
    0,
    0,
    0,
    0,
    0,
    0,
    0,
    0,
    0,
    0,
    0,
    0,
    0,
    0,
    0,
    0,
    0,
    0,
    0,
    0,
    0,
    0,
    0,
    0,
    0,
    0,
    0,
    0,
    0,
    0,
    0,
    0,
    0,
    0,
    0,
    0,
    0,
    0,
    0,
    0,
    0,
    0,
    0,
    0,
    0,
    0,
    0,
    0,
    0,
    0,
    0,
    0,
    0,
    0,
    0,
    0,
    0,
    0,
    0,
    0,
    0,
    0,
    0,
    0,
    0,
    0,
    0,
    0,
    0,
    0,
    0,
    0,
    0,
    0,
    0,
    0,
    0,
    0,
    0,
    0,
    0,
    0,
    0,
    0,
    0,
    0,
    0,
    0,
    0,
    0,
    0,
    0,
    0,
    0,
    0,
    0,
    0,
    0,
    0,
    0,
    0,
    0,
    0,
    0,
    0,
    0,
    0,
    0,
    0,
    0,
    0,
    0,
    0,
    0,
    0,
    0,
    0,
    0,
    0,
    0,
    0,
    0,
    0,
    0,
    0,
    0,
    0,
    0,
    0,
    0,
    0,
    0,
    0,
    0,
    0,
    0,
    0,
    0,
    0,
    0,
    0,
    0,
    0,
    0,
    0,
    0,
    0,
    0,
    0,
    0,
    0,
    0,
    0,
    0,
    0,
    0,
    0,
    0,
    0,
    0,
    0,
    0,
    0,
    0,
    0,
    0,
    0,
    0,
    0,
    0,
    0,
    0,
    0,
    0,
    0,
    0,
    0,
    0,
    0,
    0,
    0,
    0,
    0,
    0,
    0,
    0,
    0,
    0,
    0,
    0,
    0,
    0,
    0,
    0,
    0,
    0,
    0,
    0,
    0,
    0,
    0,
    0,
    0,
    0,
    0,
    0,
    0,
    0,
    0,
    0,
    0,
    0,
    0,
    0,
    0,
    0,
    0,
    0,
    0,
    0,
    0,
    0,
    0,
    0,
    0,
    0,
    0,
    0,
    0,
    0,
    0,
    0,
    0,
    0,
    0,
    0,
    0,
    0,
    0,
    0,
    0,
    0,
    0,
    0,
    0,
    0,
    0,
    0,
    0,
    0,
    0,
    0,
    0,
    0,
    0,
    0,
    0,
    0,
    0,
    0,
    0,
    0,
    0,
    0,
    0,
    0,
    0,
    0,
    0,
    0,
    0,
    0,
    0,
    0,
    0,
    0,
    0,
    0,
    0,
    0,
    404,
    404,
    404,
    404,
    404,
    404,
    404,
    0,
    0,
    0,
    0,
    0,
    404,
    404,
    404,
    404,
    404,
    404,
    404,
    0,
    0,
    0,
    0,
    0,
    404,
    404,
    404,
    404,
    404,
    404,
    404,
    0,
    0,
    0,
    0,
    0,
    404,
    404,
    404,
    404,
    404,
    404,
    404,
    0,
    0,
    0,
    0,
    0,
    0,
    0,
    0,
    0,
    0,
    0,
    0,
    0,
    412,
    412,
    412,
    412,
    412,
    412,
    412,
    0,
    0,
    0,
    0,
    0,
    404,
    404,
    404,
    404,
    404,
    404,
    404,
    0,
    0,
    0,
    0,
    0,
    404,
    404,
    404,
    404,
    404,
    404,
    404,
    0,
    0,
    0,
    0,
    0,
    404,
    404,
    404,
    404,
    404,
    404,
    404,
    0,
    0,
    0,
    0,
    0,
    404,
    404,
    404,
    404,
    404,
    404,
    404,
    0,
    0,
    0,
    0,
    0,
    0,
    0,
    0,
    0,
    0,
    0,
    0,
    0,
    0,
    0,
    0,
    0,
    0,
    0,
    0,
    0,
    0,
    0,
    0,
    0,
    404,
    404,
    404,
    404,
    404,
    404,
    404,
    0,
    0,
    0,
    0,
    0,
    404,
    404,
    404,
    404,
    404,
    404,
    404,
    0,
    0,
    0,
    0,
    0,
    404,
    404,
    404,
    404,
    404,
    404,
    404,
    0,
    0,
    0,
    0,
    0,
    404,
    404,
    404,
    404,
    404,
    404,
    404,
    0,
    0,
    0,
    0,
    0,
    0,
    0,
    0,
    0,
    0,
    0,
    0,
    0,
    0,
    0,
    0,
    0,
    0,
    0,
    0,
    0,
    0,
    0,
    0,
    0,
    0,
    0,
    0,
    0,
    0,
    0,
    0,
    0,
    0,
    0,
    0,
    0,
    0,
    0,
    0,
    0,
    0,
    0,
    0,
    0,
    0,
    0,
    0,
    0,
    0,
    0,
    0,
    0,
    0,
    0,
    0,
    0,
    0,
    0,
    0,
    0,
    0,
    0,
    0,
    0,
    0,
    0,
    0,
    0,
    0,
    0,
    0,
    0,
    0,
    0,
    0,
    0,
    0,
    0,
    0,
    0,
    0,
    0,
    0,
    0,
    0,
    0,
    0,
    0,
    0,
    0,
    0,
    0,
    0,
    0,
    0,
    0,
    0,
    0,
    0,
    0,
    0,
    0,
    0,
    0,
    0,
    0,
    0,
    0,
    0,
    0,
    0,
    0,
    0,
    0,
    0,
    0,
    0,
    0,
    0,
    0,
    0,
    0,
    0,
    0,
    0,
    0,
    0,
    0,
    0,
    0,
    0,
    0,
    0,
    0,
    0,
    0,
    0,
    0,
    0,
    0,
    0,
    0,
    0,
    0,
    0,
    0,
    0,
    0,
    0,
    0,
    0,
    0,
    0,
    0,
    0,
    0,
    0,
    0,
    0,
    0,
    0,
    0,
    0,
    0,
    0,
    0,
    0,
    0,
    0,
    0,
    0,
    0,
    0,
    0,
    0,
    0,
    0,
    0,
    0,
    0,
    0,
    0,
    0,
    0,
    0,
    0,
    0,
    0,
    0,
    0,
    0,
    0,
    0,
    0,
    0,
    0,
    0,
    0,
    0,
    0,
    0,
    0,
    0,
    0,
    0,
    0,
    0,
    0,
    0,
    0,
    0,
    0,
    0,
    0,
    0,
    0,
    0,
    0,
    0,
    0,
    0,
    0,
    0,
    0,
    0,
    0,
    0,
    0,
    0,
    0,
    0,
    0,
    0,
    0,
    0,
    0,
    0,
    0,
    0,
    0,
    0,
    0,
    0,
    0,
    0,
    0,
    0,
    0,
    0,
    0,
    0,
    0,
    0,
    0,
    0,
    0,
    0,
    0,
    0,
    0,
    0,
    0,
    0,
    0,
    0,
    0,
    0,
    0,
    0,
    0,
    0,
    0,
    0,
    0,
    0,
    0,
    0,
    0,
    0,
    0,
    0,
    0,
    0,
    0,
    0,
    0,
    0,
    0,
    0,
    411,
    0,
    0,
    0,
    0,
    0,
    0,
    0,
    0,
    0,
    0,
    402,
    402,
    402,
    0,
    0,
    0,
    0,
    0,
    0,
    0,
    0,
    0,
    402,
    402,
    402,
    0,
    0,
    0,
    0,
    0,
    0,
    0,
    402,
    402,
    402,
    0,
    0,
    0,
    0,
    0,
    0,
    0,
    0,
    0,
    402,
    402,
    402,
    0,
    0,
    0,
    0,
    0,
    0,
    0,
    0,
    0,
    0,
    0,
    0,
    0,
    0,
    0,
    0,
    0,
    0,
    0,
    0,
    411,
    0,
    0,
    0,
    0,
    0,
    0,
    0,
    0,
    0,
    0,
    402,
    402,
    402,
    0,
    0,
    0,
    0,
    0,
    0,
    0,
    0,
    0,
    402,
    402,
    402,
    0,
    0,
    0,
    0,
    0,
    0,
    0,
    402,
    402,
    402,
    0,
    0,
    0,
    0,
    0,
    0,
    0,
    0,
    0,
    402,
    402,
    402,
    0,
    0,
    0,
    0,
    0,
    0,
    0,
    0,
    0,
    0,
    0,
    0,
    0,
    0,
    0,
    0,
    0,
    0,
    0,
    0,
    411,
    0,
    0,
    0,
    0,
    0,
    0,
    0,
    0,
    0,
    0,
    402,
    402,
    402,
    0,
    0,
    0,
    0,
    0,
    0,
    0,
    0,
    0,
    402,
    402,
    402,
    0,
    0,
    0,
    0,
    0,
    0,
    0,
    402,
    402,
    402,
    0,
    0,
    0,
    0,
    0,
    0,
    0,
    0,
    0,
    402,
    402,
    402,
    0,
    0,
    0,
    0,
    0,
    0,
    0,
    0,
    0,
    0,
    0,
    0,
    0,
    0,
    0,
    0,
    0,
    0,
    0,
    0,
    411,
    0,
    0,
    0,
    0,
    0,
    0,
    0,
    0,
    0,
    0,
    402,
    402,
    402,
    0,
    0,
    0,
    0,
    0,
    0,
    0,
    0,
    0,
    402,
    402,
    402,
    0,
    0,
    0,
    0,
    0,
    0,
    0,
    402,
    402,
    402,
    0,
    0,
    0,
    0,
    0,
    0,
    0,
    0,
    0,
    402,
    402,
    402,
    0,
    0,
    0,
    0,
    0,
    0,
    0,
    0,
    0,
    0,
    0,
    0,
    0,
    0,
    0,
    0,
    0,
    0,
    0,
    0,
    411,
    0,
    0,
    0,
    0,
    0,
    0,
    0,
    0,
    0,
    0,
    402,
    402,
    402,
    0,
    0,
    0,
    0,
    0,
    0,
    0,
    0,
    0,
    402,
    402,
    402,
    0,
    0,
    0,
    0,
    0,
    0,
    0,
    402,
    402,
    402,
    0,
    0,
    0,
    0,
    0,
    0,
    0,
    0,
    0,
    402,
    402,
    402,
    0,
    0,
    0,
    0,
    0,
    0,
    0,
    0,
    0,
    0,
    0,
    0,
    0,
    0,
    0,
    0,
    0,
    0,
    0,
    0,
    411,
    0,
    0,
    0,
    0,
    0,
    0,
    0,
    0,
    0,
    0,
    402,
    402,
    402,
    0,
    0,
    0,
    0,
    0,
    0,
    0,
    0,
    0,
    402,
    402,
    402,
    0,
    0,
    0,
    0,
    0,
    0,
    0,
    402,
    402,
    402,
    0,
    0,
    0,
    0,
    0,
    0,
    0,
    0,
    0,
    402,
    402,
    402,
    0,
    0,
    0,
    0,
    0,
    0,
    0,
    0,
    0,
    0,
    0,
    0,
    0,
    0,
    0,
    0,
    0,
    0,
    0,
    0,
    411,
    0,
    0,
    0,
    0,
    0,
    0,
    0,
    0,
    0,
    0,
    402,
    402,
    402,
    0,
    0,
    0,
    0,
    0,
    0,
    0,
    0,
    0,
    402,
    402,
    402,
    0,
    0,
    0,
    0,
    0,
    0,
    0,
    402,
    402,
    402,
    0,
    0,
    0,
    0,
    0,
    0,
    0,
    0,
    0,
    402,
    402,
    402,
    0,
    0,
    0,
    0,
    0,
    0,
    0,
    0,
    0,
    0,
    0,
    0,
    0,
    0,
    0,
    0,
    0,
    0,
    0,
    0,
    411,
    0,
    0,
    0,
    0,
    0,
    0,
    0,
    0,
    0,
    0,
    402,
    402,
    402,
    0,
    0,
    0,
    0,
    0,
    0,
    0,
    0,
    0,
    402,
    402,
    402,
    0,
    0,
    0,
    0,
    0,
    0,
    0,
    402,
    402,
    402,
    0,
    0,
    0,
    0,
    0,
    0,
    0,
    0,
    0,
    402,
    402,
    402,
    0,
    0,
    0,
    0,
    0,
    0,
    0,
    0,
    0,
    0,
    0,
    0,
    0,
    0,
    0,
    0,
    0,
    0,
    0,
    0,
    0,
    0,
    0,
    0,
    0,
    0,
    0,
    0,
    0,
    0,
    0,
    0,
    0,
    0,
    0,
    0,
    0,
    0,
    0,
    0,
    0,
    0,
    0,
    0,
    0,
    0,
    0,
    0,
    0,
    0,
    0,
    0,
    0,
    0,
    0,
    0,
    0,
    0,
    0,
    0,
    0,
    0,
    0,
    0,
    0,
    0,
    0,
    0,
    0,
    0,
    0,
    0,
    0,
    0,
    0,
    0,
    0,
    0,
    0,
    0,
    0,
    0,
    0,
    0,
    0,
    0,
    0,
    0,
    0,
    0,
    0,
    0,
    0,
    0,
    0,
    0,
    0,
    0,
    0,
    0,
    0,
    0,
    0,
    0,
    0,
    0,
    0,
    0,
    0,
    0,
    0,
    0,
    0,
    0,
    0,
    0,
    0,
    0,
    0,
    0,
    0,
    0,
    0,
    0,
    0,
    0,
    0,
    0,
    0,
    0,
    0,
    0,
    0,
    0,
    0,
    0,
    0,
    0,
    0,
    0,
    0,
    0,
    0,
    0,
    0,
    0,
    0,
    0,
    0,
    0,
    0,
    0,
    0,
    0,
    0,
    0,
    0,
    0,
    0,
    0,
    0,
    0,
    0,
    0,
    0,
    0,
    0,
    0,
    0,
    0,
    0,
    0,
    0,
    0,
    0,
    0,
    0,
    0,
    0,
    0,
    0,
    0,
    0,
    0,
    0,
    0,
    0,
    0,
    0,
    0,
    0,
    0,
    0,
    0,
    0,
    0,
    0,
    0,
    0,
    0,
    0,
    0,
    0,
    0,
    0,
    0,
    0,
    0,
    0,
    0,
    0,
    0,
    0,
    0,
    0,
    0,
    0,
  ],
  "systemTagsBridge2": [
    0,
    0,
    0,
    0,
    0,
    0,
    0,
    0,
    0,
    0,
    0,
    0,
    0,
    0,
    0,
    0,
    0,
    0,
    0,
    0,
    0,
    0,
    0,
    0,
    0,
    0,
    0,
    0,
    0,
    0,
    0,
    0,
    0,
    0,
    0,
    0,
    0,
    0,
    0,
    0,
    0,
    0,
    0,
    0,
    0,
    0,
    0,
    0,
    0,
    0,
    0,
    0,
    0,
    0,
    0,
    0,
    0,
    0,
    0,
    0,
    0,
    0,
    0,
    0,
    0,
    0,
    0,
    0,
    0,
    0,
    0,
    0,
    0,
    0,
    0,
    0,
    0,
    0,
    0,
    0,
    0,
    0,
    0,
    0,
    0,
    0,
    0,
    0,
    0,
    0,
    0,
    0,
    0,
    0,
    0,
    0,
    0,
    0,
    0,
    0,
    0,
    0,
    0,
    0,
    0,
    0,
    0,
    0,
    0,
    0,
    0,
    0,
    0,
    0,
    0,
    0,
    0,
    0,
    0,
    0,
    0,
    0,
    0,
    0,
    0,
    0,
    0,
    0,
    0,
    0,
    0,
    0,
    0,
    0,
    0,
    0,
    0,
    0,
    0,
    0,
    0,
    0,
    0,
    0,
    0,
    0,
    0,
    0,
    0,
    0,
    0,
    0,
    0,
    0,
    0,
    0,
    0,
    0,
    0,
    0,
    0,
    0,
    0,
    0,
    0,
    0,
    0,
    0,
    0,
    0,
    0,
    0,
    0,
    0,
    0,
    0,
    0,
    0,
    0,
    0,
    0,
    0,
    0,
    0,
    0,
    0,
    0,
    0,
    0,
    0,
    0,
    0,
    0,
    0,
    0,
    0,
    0,
    0,
    0,
    0,
    0,
    0,
    0,
    0,
    0,
    0,
    0,
    0,
    0,
    0,
    0,
    0,
    0,
    0,
    0,
    0,
    0,
    0,
    0,
    0,
    0,
    0,
    0,
    0,
    0,
    0,
    0,
    0,
    0,
    0,
    0,
    0,
    0,
    0,
    0,
    0,
    0,
    0,
    0,
    0,
    0,
    0,
    0,
    0,
    0,
    0,
    0,
    0,
    0,
    0,
    0,
    0,
    0,
    0,
    0,
    0,
    0,
    0,
    0,
    0,
    0,
    0,
    0,
    0,
    0,
    0,
    0,
    0,
    0,
    0,
    0,
    0,
    0,
    0,
    0,
    0,
    0,
    0,
    0,
    0,
    0,
    0,
    0,
    0,
    0,
    0,
    404,
    404,
    404,
    404,
    404,
    404,
    0,
    0,
    0,
    0,
    0,
    0,
    404,
    404,
    404,
    404,
    404,
    404,
    0,
    0,
    0,
    0,
    0,
    404,
    404,
    404,
    404,
    404,
    404,
    0,
    0,
    0,
    0,
    0,
    0,
    404,
    404,
    404,
    404,
    404,
    404,
    0,
    0,
    0,
    0,
    0,
    0,
    0,
    0,
    0,
    0,
    0,
    0,
    0,
    0,
    0,
    412,
    412,
    412,
    412,
    412,
    412,
    0,
    0,
    0,
    0,
    0,
    0,
    404,
    404,
    404,
    404,
    404,
    404,
    0,
    0,
    0,
    0,
    0,
    0,
    404,
    404,
    404,
    404,
    404,
    404,
    0,
    0,
    0,
    0,
    0,
    404,
    404,
    404,
    404,
    404,
    404,
    0,
    0,
    0,
    0,
    0,
    0,
    404,
    404,
    404,
    404,
    404,
    404,
    0,
    0,
    0,
    0,
    0,
    0,
    0,
    0,
    0,
    0,
    0,
    0,
    0,
    0,
    0,
    0,
    0,
    0,
    0,
    0,
    0,
    0,
    0,
    0,
    0,
    0,
    0,
    404,
    404,
    404,
    404,
    404,
    404,
    0,
    0,
    0,
    0,
    0,
    0,
    404,
    404,
    404,
    404,
    404,
    404,
    0,
    0,
    0,
    0,
    0,
    404,
    404,
    404,
    404,
    404,
    404,
    0,
    0,
    0,
    0,
    0,
    0,
    404,
    404,
    404,
    404,
    404,
    404,
    0,
    0,
    0,
    0,
    0,
    0,
    0,
    0,
    0,
    0,
    0,
    0,
    0,
    0,
    0,
    0,
    0,
    0,
    0,
    0,
    0,
    0,
    0,
    0,
    0,
    0,
    0,
    0,
    0,
    0,
    0,
    0,
    0,
    0,
    0,
    0,
    0,
    0,
    0,
    0,
    0,
    0,
    0,
    0,
    0,
    0,
    0,
    0,
    0,
    0,
    0,
    0,
    0,
    0,
    0,
    0,
    0,
    0,
    0,
    0,
    0,
    0,
    0,
    0,
    0,
    0,
    0,
    0,
    0,
    0,
    0,
    0,
    0,
    0,
    0,
    0,
    0,
    0,
    0,
    0,
    0,
    0,
    0,
    0,
    0,
    0,
    0,
    0,
    0,
    0,
    0,
    0,
    0,
    0,
    0,
    0,
    0,
    0,
    0,
    0,
    0,
    0,
    0,
    0,
    0,
    0,
    0,
    0,
    0,
    0,
    0,
    0,
    0,
    0,
    0,
    0,
    0,
    0,
    0,
    0,
    0,
    0,
    0,
    0,
    0,
    0,
    0,
    0,
    0,
    0,
    0,
    0,
    0,
    0,
    0,
    0,
    0,
    0,
    0,
    0,
    0,
    0,
    0,
    0,
    0,
    0,
    0,
    0,
    0,
    0,
    0,
    0,
    0,
    0,
    0,
    0,
    0,
    0,
    0,
    0,
    0,
    0,
    0,
    0,
    0,
    0,
    0,
    0,
    0,
    0,
    0,
    0,
    0,
    0,
    0,
    0,
    0,
    0,
    0,
    0,
    0,
    0,
    0,
    0,
    0,
    0,
    0,
    0,
    0,
    0,
    0,
    0,
    0,
    0,
    0,
    0,
    0,
    0,
    0,
    0,
    0,
    0,
    0,
    0,
    0,
    0,
    0,
    0,
    0,
    0,
    0,
    0,
    0,
    0,
    0,
    0,
    0,
    0,
    0,
    0,
    0,
    0,
    0,
    0,
    0,
    0,
    0,
    0,
    0,
    0,
    0,
    0,
    0,
    0,
    0,
    0,
    0,
    0,
    0,
    0,
    0,
    0,
    0,
    0,
    0,
    0,
    0,
    0,
    0,
    0,
    0,
    0,
    0,
    0,
    0,
    0,
    0,
    0,
    0,
    0,
    0,
    0,
    0,
    0,
    0,
    0,
    0,
    0,
    0,
    0,
    0,
    0,
    0,
    0,
    0,
    0,
    0,
    0,
    0,
    0,
    0,
    0,
    0,
    0,
    0,
    0,
    0,
    0,
    0,
    0,
    0,
    0,
    0,
    0,
    0,
    0,
    0,
    0,
    0,
    0,
    0,
    0,
    0,
    0,
    0,
    0,
    0,
    0,
    0,
    0,
    0,
    0,
    0,
    0,
    0,
    0,
    0,
    0,
    0,
    0,
    0,
    0,
    0,
    0,
    0,
    0,
    0,
    0,
    0,
    0,
    0,
    0,
    0,
    0,
    0,
    0,
    0,
    0,
    0,
    0,
    0,
    0,
    0,
    0,
    0,
    0,
    0,
    0,
    0,
    0,
    0,
    0,
    0,
    0,
    0,
    0,
    0,
    0,
    0,
    0,
    0,
    0,
    0,
    0,
    0,
    0,
    0,
    0,
    0,
    0,
    0,
    0,
    0,
    0,
    0,
    0,
    0,
    0,
    0,
    0,
    0,
    0,
    0,
    0,
    0,
    0,
    0,
    0,
    0,
    0,
    0,
    0,
    0,
    0,
    0,
    0,
    0,
    0,
    0,
    0,
    0,
    0,
    0,
    0,
    0,
    0,
    0,
    0,
    0,
    0,
    0,
    0,
    0,
    0,
    0,
    0,
    0,
    0,
    0,
    0,
    0,
    0,
    0,
    0,
    0,
    0,
    0,
    0,
    0,
    0,
    0,
    0,
    0,
    0,
    0,
    0,
    0,
    0,
    0,
    0,
    0,
    0,
    0,
    0,
    0,
    0,
    0,
    0,
    0,
    0,
    0,
    0,
    0,
    0,
    0,
    0,
    0,
    0,
    0,
    0,
    0,
    0,
    0,
    0,
    0,
    0,
    0,
    0,
    0,
    0,
    0,
    0,
    0,
    0,
    0,
    0,
    0,
    0,
    0,
    0,
    0,
    0,
    0,
    0,
    0,
    0,
    0,
    0,
    0,
    0,
    0,
    0,
    0,
    0,
    0,
    0,
    0,
    0,
    0,
    0,
    0,
    0,
    0,
    0,
    0,
    0,
    0,
    0,
    0,
    0,
    0,
    0,
    0,
    0,
    0,
    0,
    0,
    0,
    0,
    0,
    0,
    0,
    0,
    0,
    0,
    0,
    0,
    0,
    0,
    0,
    0,
    0,
    0,
    0,
    0,
    0,
    0,
    0,
    0,
    0,
    0,
    0,
    0,
    0,
    0,
    0,
    0,
    0,
    0,
    0,
    0,
    0,
    0,
    0,
    0,
    0,
    0,
    0,
    0,
    0,
    0,
    0,
    0,
    0,
    0,
    0,
    0,
    0,
    0,
    0,
    0,
    0,
    0,
    0,
    0,
    0,
    0,
    0,
    0,
    0,
    0,
    0,
    0,
    0,
    0,
    0,
    0,
    0,
    0,
    0,
    0,
    0,
    0,
    0,
    0,
    0,
    0,
    0,
    0,
    0,
    0,
    0,
    0,
    0,
    0,
    0,
    0,
    0,
    0,
    0,
    0,
    0,
    0,
    0,
    0,
    0,
    0,
    0,
    0,
    0,
    0,
    0,
    0,
    0,
    0,
    0,
    0,
    0,
    0,
    0,
    0,
    0,
    0,
    0,
    0,
    0,
    0,
    0,
    0,
    0,
    0,
    0,
    0,
    0,
    0,
    0,
    0,
    0,
    0,
    0,
    0,
    0,
    0,
    0,
    0,
    0,
    0,
    0,
    0,
    0,
    0,
    0,
    0,
    0,
    0,
    0,
    0,
    0,
    0,
    0,
    0,
    0,
    0,
    0,
    0,
    0,
    0,
    0,
    0,
    0,
    0,
    0,
    0,
    0,
    0,
    0,
    0,
    0,
    0,
    0,
    0,
    0,
    0,
    0,
    0,
    0,
    0,
    0,
    0,
    0,
    0,
    0,
    0,
    0,
    0,
    0,
    0,
    0,
    0,
    0,
    0,
    0,
    0,
    0,
    0,
    0,
    0,
    0,
    0,
    0,
    0,
    0,
    0,
    0,
    0,
    0,
    0,
    0,
    0,
    0,
    0,
    0,
    0,
    0,
    0,
    0,
    0,
    0,
    0,
    0,
    0,
    0,
    0,
    0,
    0,
    0,
    0,
    0,
    0,
    0,
    0,
    0,
    0,
    0,
    0,
    0,
    0,
    0,
    0,
    0,
    0,
    0,
    0,
    0,
    0,
    0,
    0,
    0,
    0,
    0,
    0,
    0,
    0,
    0,
    0,
    0,
    0,
    0,
    0,
    0,
    0,
    0,
    0,
    0,
    0,
    0,
    0,
    0,
    0,
    0,
    0,
    0,
    0,
    0,
    0,
    0,
    0,
    0,
    0,
    0,
    0,
    0,
    0,
    0,
    0,
    0,
    0,
    0,
    0,
    0,
    0,
    0,
    0,
    0,
    0,
    0,
    0,
    0,
    0,
    0,
    0,
    0,
    0,
    0,
    0,
    0,
    0,
    0,
    0,
    0,
    0,
    0,
    0,
    0,
    0,
    0,
    0,
    0,
    0,
    0,
    0,
    0,
    0,
    0,
    0,
    0,
    0,
    0,
    0,
    0,
    0,
    0,
    0,
    0,
    0,
    0,
    0,
    0,
    0,
    0,
    0,
    0,
    0,
    0,
    0,
    0,
    0,
    0,
    0,
    0,
    0,
    0,
    0,
    0,
    0,
    0,
    0,
    0,
    0,
    0,
    0,
    0,
    0,
    0,
    0,
    0,
    0,
    0,
    0,
    0,
    0,
    0,
    0,
    0,
    0,
    0,
    0,
    0,
    0,
    0,
    0,
    0,
    0,
    0,
    0,
    0,
    0,
    0,
    0,
    0,
    0,
    0,
    0,
    0,
    0,
    0,
    0,
    0,
    0,
    0,
    0,
    0,
    0,
    0,
    0,
    0,
    0,
    0,
    0,
    0,
    0,
    0,
    0,
    0,
    0,
    0,
    0,
    0,
    0,
    0,
    0,
    0,
    0,
    0,
    0,
    0,
    0,
    0,
    0,
    0,
    0,
    0,
    0,
    0,
    0,
    0,
    0,
    0,
    0,
    0,
    0,
    0,
    0,
    0,
    0,
    0,
    0,
    0,
    0,
    0,
    0,
    0,
    0,
    0,
    0,
    0,
    0,
    0,
    0,
    0,
    0,
    0,
    0,
    0,
    0,
    0,
    0,
    0,
    0,
    0,
    0,
    0,
    0,
    0,
    0,
    0,
    0,
    0,
    0,
    0,
    0,
    0,
    0,
    0,
    0,
    0,
    0,
    0,
    0,
    0,
    0,
    0,
    0,
    0,
    0,
    0,
    0,
    0,
    0,
    0,
    0,
    0,
    0,
    0,
    0,
    0,
    0,
    0,
    0,
    0,
    0,
    0,
    0,
    0,
    0,
    0,
    0,
    0,
    0,
    0,
    0,
    0,
    0,
    0,
    0,
    0,
    0,
    0,
    0,
    0,
    0,
    0,
    0,
    0,
    0,
    0,
    0,
    0,
    0,
    0,
    0,
    0,
    0,
    0,
    0,
    0,
    0,
    0,
    0,
    0,
    0,
    0,
    0,
    0,
    0,
    0,
    0,
    0,
    0,
    0,
    0,
    0,
    0,
    0,
    0,
    0,
    0,
    0,
    0,
    0,
    0,
    0,
    0,
    0,
    0,
    0,
    0,
    0,
    0,
    0,
    0,
    0,
    0,
    0,
    0,
    0,
    0,
    0,
    0,
    0,
    0,
    0,
    0,
    0,
    0,
    0,
    0,
    0,
    0,
    0,
    0,
    0,
    0,
    0,
    0,
    0,
    0,
    0,
    0,
    0,
    0,
    0,
    0,
    0,
    0,
    0,
    0,
    0,
    0,
    0,
    0,
    0,
    0,
    0,
    0,
    0,
    0,
    0,
    0,
    0,
    0,
    0,
    0,
    0,
    0,
    0,
    0,
    0,
    0,
    0,
    0,
    0,
    0,
    0,
    0,
    0,
    0,
    0,
    0,
    0,
    0,
    0,
    0,
    0,
    0,
    0,
    0,
    0,
    0,
    0,
    0,
    0,
    0,
    0,
    0,
    0,
    0,
    0,
    0,
    0,
    0,
    0,
    0,
    0,
    0,
    0,
    0,
    0,
    0,
    0,
    0,
    0,
    0,
    0,
    0,
    0,
    0,
    0,
    0,
    0,
    0,
    0,
    0,
    0,
    0,
    0,
    0,
    0,
    0,
    0,
    0,
    0,
    0,
    0,
    0,
    0,
    0,
    0,
    0,
    0,
    0,
    0,
    0,
    0,
    0,
    0,
    0,
    0,
    0,
    0,
    0,
    0,
    0,
    0,
    0,
    0,
    0,
    0,
    0,
    0,
    0,
    0,
    0,
    0,
    0,
    0,
    0,
    0,
    0,
    0,
    0,
    0,
    0,
    0,
    0,
    0,
    0,
    0,
    0,
    0,
    0,
    0,
    0,
    0,
    0,
    0,
    0,
    0,
    0,
    0,
    0,
    0,
    0,
    0,
    0,
    0,
    0,
    0,
    0,
    0,
    0,
    0,
    0,
    0,
    0,
    0,
    0,
    0,
    0,
    0,
    0,
    0,
    0,
    0,
    0,
    0,
    0,
    0,
    0,
    0,
    0,
    0,
    0,
    0,
    0,
    0,
    0,
    0,
    0,
    0,
    0,
    0,
    0,
    0,
    0,
    0,
    0,
    0,
    0,
    0,
    0,
    0,
    0,
    0,
    0,
    0,
    0,
    0,
    0,
    0,
    0,
    0,
    0,
    0,
    0,
    0,
    0,
    0,
    0,
    0,
    0,
    0,
    0,
    0,
    0,
    0,
    0,
    0,
    0,
    0,
    0,
    0,
    0,
    0,
    0,
    0,
    0,
    0,
    0,
    0,
    0,
    0,
    0,
    0,
    0,
    0,
    0,
    0,
    0,
    0,
    0,
    0,
    0,
    0,
    0,
    0,
    0,
    0,
    0,
    0,
    0,
    0,
    0,
    0,
    0,
    0,
    0,
    0,
    0,
    0,
    0,
    0,
    0,
    0,
    0,
    0,
    0,
    0,
    0,
    0,
    0,
    0,
    0,
    0,
    0,
    0,
    0,
    0,
    0,
    0,
    0,
    0,
    0,
    0,
    0,
    0,
    0,
    0,
    0,
    0,
    0,
    0,
    0,
    0,
    0,
    0,
    0,
    0,
    0,
    0,
    0,
    0,
    0,
    0,
    0,
    0,
    0,
    0,
    0,
    0,
    0,
    0,
    0,
    0,
    0,
    0,
    0,
    0,
    0,
    0,
    0,
    0,
    0,
    0,
    0,
    0,
    0,
    0,
    0,
    0,
    0,
    0,
    0,
    0,
    0,
    0,
    0,
    0,
    0,
    0,
    0,
    0,
    0,
    0,
    0,
    0,
    0,
    0,
    0,
    0,
    0,
    0,
    0,
    0,
    0,
    0,
    0,
    0,
    0,
    0,
    0,
    0,
    0,
    0,
    0,
    0,
    0,
    0,
    0,
    0,
    0,
    0,
    0,
    0,
    0,
    0,
    0,
    0,
    0,
    0,
    0,
    0,
    0,
    0,
    0,
    0,
    0,
    0,
    0,
    0,
    0,
    0,
    0,
    0,
    0,
    0,
    0,
    0,
    0,
    0,
    0,
    0,
    0,
    0,
    0,
    0,
    0,
    0,
    0,
    0,
    0,
    0,
    0,
    0,
    0,
    0,
    0,
    0,
    0,
    0,
    0,
    0,
    0,
    0,
    0,
    0,
    0,
    0,
    0,
    0,
    0,
    0,
    0,
    0,
    0,
    0,
    0,
    0,
    0,
    0,
    0,
    0,
    0,
    0,
    0,
    0,
    0,
    0,
    0,
    0,
    0,
    0,
    0,
    0,
    0,
    0,
    0,
    0,
    0,
    0,
    0,
    0,
    0,
    0,
    0,
    0,
    0,
    0,
    0,
    0,
    0,
    0,
    0,
    0,
    0,
    0,
    0,
    0,
    0,
    0,
    0,
    0,
    0,
    0,
    0,
    0,
    0,
    0,
    0,
    0,
    0,
    0,
    0,
    0,
    0,
    0,
    0,
    0,
    0,
    0,
    0,
    0,
    0,
    0,
    0,
    0,
    0,
    0,
    0,
    0,
    0,
    0,
    0,
    0,
    0,
    0,
    0,
    0,
    0,
    0,
    0,
    0,
    0,
    0,
    0,
    0,
    0,
    0,
    0,
    0,
    0,
    0,
    0,
    0,
    0,
    0,
    0,
    0,
    0,
    0,
    0,
    0,
    0,
    0,
    0,
    0,
    0,
    0,
    0,
    0,
    0,
    0,
    0,
    0,
    0,
    0,
    0,
    0,
    0,
    0,
    0,
    0,
    0,
    0,
    0,
    0,
    0,
    0,
    0,
    0,
    0,
    0,
    0,
  ],
  "terrainTags": [],
}
`;
