// Jest Snapshot v1, https://goo.gl/fbAQLP

exports[`convertTiledMapToTileMetadata works 1`] = `
{
  "sha1": "c4b92e7a3229abd2da282d4672230e625f3c5ece",
  "tileMetadata": {
    "height": 32,
    "layerData": [
      [],
      [],
      [],
      [],
      [],
      [],
      [],
      [],
      [],
      [],
      [],
      [],
      [],
      [],
      [],
      [],
      [],
      [],
      [],
      [],
      [],
      [],
      [],
      [],
      [],
      [],
      [],
      [],
      [],
      [],
      [],
      [],
      [],
      [],
      [],
      [],
      [],
      [],
      [],
      [],
      [],
      [],
      [],
      [],
      [],
      [],
      [],
      [],
      [],
      [],
      [],
      [],
      [],
      [],
      [],
      [],
      [],
      [],
      [],
      [],
      [],
      [
        0,
        1,
      ],
      [
        0,
        2,
        3,
      ],
      [
        0,
        2,
        4,
      ],
      [],
      [],
      [],
      [],
      [],
      [],
      [],
      [],
      [],
      [],
      [],
      [],
      [],
      [],
      [],
      [],
      [],
      [],
      [],
      [],
      [],
      [],
      [],
      [],
      [],
      [],
      [],
      [],
      [],
      [],
      [],
      [],
      [],
      [],
      [],
      [],
      [],
      [],
      [],
      [],
      [],
      [],
      [],
      [],
      [],
      [],
      [],
      [],
      [],
      [],
      [],
      [],
      [],
      [],
      [],
      [],
      [],
      [],
      [],
      [],
      [],
      [],
      [],
      [],
      [],
      [
        5,
        6,
      ],
      [
        5,
        7,
        3,
      ],
      [
        5,
        7,
        4,
      ],
      [],
      [],
      [],
      [],
      [],
      [],
      [
        8,
      ],
      [
        9,
        10,
      ],
      [
        11,
        12,
      ],
      [
        13,
        12,
      ],
      [
        8,
        14,
      ],
      [
        9,
      ],
      [],
      [],
      [],
      [],
      [],
      [],
      [
        8,
      ],
      [
        9,
        10,
      ],
      [
        11,
        12,
      ],
      [
        13,
        12,
      ],
      [
        8,
        14,
      ],
      [
        9,
      ],
      [],
      [],
      [],
      [],
      [],
      [],
      [
        15,
      ],
      [
        16,
        10,
      ],
      [
        17,
        12,
      ],
      [
        16,
        12,
      ],
      [
        17,
        14,
      ],
      [
        18,
      ],
      [],
      [],
      [],
      [],
      [],
      [
        19,
      ],
      [
        19,
        10,
      ],
      [
        19,
        12,
      ],
      [
        19,
        12,
      ],
      [
        19,
        14,
      ],
      [
        19,
      ],
      [],
      [],
      [],
      [],
      [],
      [],
      [
        20,
      ],
      [
        20,
        10,
      ],
      [
        20,
        12,
      ],
      [
        20,
        12,
      ],
      [
        20,
        14,
      ],
      [
        20,
      ],
      [],
      [],
      [],
      [],
      [],
      [],
      [
        21,
        22,
      ],
      [
        21,
        23,
        3,
      ],
      [
        21,
        23,
        4,
      ],
      [],
      [],
      [],
      [],
      [],
      [],
      [
        24,
      ],
      [
        25,
        10,
      ],
      [
        26,
        12,
      ],
      [
        27,
        12,
      ],
      [
        24,
        14,
      ],
      [
        25,
      ],
      [],
      [],
      [],
      [],
      [],
      [],
      [
        24,
      ],
      [
        25,
        10,
      ],
      [
        26,
        12,
      ],
      [
        27,
        12,
      ],
      [
        24,
        14,
      ],
      [
        25,
      ],
      [],
      [],
      [],
      [],
      [],
      [],
      [
        17,
      ],
      [
        18,
        10,
      ],
      [
        15,
        12,
      ],
      [
        18,
        12,
      ],
      [
        15,
        14,
      ],
      [
        16,
      ],
      [],
      [],
      [],
      [],
      [],
      [
        19,
      ],
      [
        19,
        10,
      ],
      [
        19,
        12,
      ],
      [
        19,
        12,
      ],
      [
        19,
        14,
      ],
      [
        19,
      ],
      [],
      [],
      [],
      [],
      [],
      [],
      [
        20,
      ],
      [
        20,
        10,
      ],
      [
        20,
        12,
      ],
      [
        20,
        12,
      ],
      [
        20,
        14,
      ],
      [
        20,
      ],
      [],
      [],
      [],
      [],
      [],
      [],
      [
        28,
        29,
      ],
      [
        28,
        30,
        3,
      ],
      [
        28,
        30,
        4,
      ],
      [],
      [],
      [],
      [],
      [],
      [],
      [
        31,
      ],
      [
        32,
        10,
      ],
      [
        33,
        12,
      ],
      [
        34,
        12,
      ],
      [
        31,
        14,
      ],
      [
        32,
      ],
      [],
      [],
      [],
      [],
      [],
      [],
      [
        31,
        35,
      ],
      [
        32,
        10,
        35,
      ],
      [
        33,
        12,
        35,
      ],
      [
        34,
        12,
        35,
      ],
      [
        31,
        14,
        35,
      ],
      [
        32,
        35,
      ],
      [],
      [],
      [],
      [],
      [],
      [],
      [
        15,
        35,
      ],
      [
        16,
        10,
        35,
      ],
      [
        17,
        12,
        35,
      ],
      [
        16,
        12,
        35,
      ],
      [
        17,
        14,
        35,
      ],
      [
        18,
        35,
      ],
      [],
      [],
      [],
      [],
      [],
      [
        19,
        35,
      ],
      [
        19,
        10,
        35,
      ],
      [
        19,
        12,
        35,
      ],
      [
        19,
        12,
        35,
      ],
      [
        19,
        14,
        35,
      ],
      [
        19,
        35,
      ],
      [],
      [],
      [],
      [],
      [],
      [],
      [
        20,
        35,
      ],
      [
        20,
        10,
        35,
      ],
      [
        20,
        12,
        35,
      ],
      [
        20,
        12,
        35,
      ],
      [
        20,
        14,
        35,
      ],
      [
        20,
        35,
      ],
      [],
      [],
      [],
      [],
      [],
      [],
      [
        36,
        37,
      ],
      [
        38,
        37,
      ],
      [
        39,
        37,
      ],
      [],
      [],
      [],
      [],
      [],
      [],
      [
        40,
        41,
        42,
      ],
      [
        43,
        10,
        44,
      ],
      [
        45,
        12,
        44,
      ],
      [
        46,
        12,
        44,
      ],
      [
        40,
        14,
        44,
      ],
      [
        43,
        47,
        48,
      ],
      [],
      [],
      [],
      [],
      [],
      [],
      [
        40,
        49,
      ],
      [
        43,
        10,
        49,
      ],
      [
        45,
        12,
        49,
      ],
      [
        46,
        12,
        49,
      ],
      [
        40,
        14,
        49,
      ],
      [
        43,
        49,
      ],
      [],
      [],
      [],
      [],
      [],
      [],
      [
        17,
        49,
      ],
      [
        18,
        10,
        49,
      ],
      [
        15,
        12,
        49,
      ],
      [
        18,
        12,
        49,
      ],
      [
        15,
        14,
        49,
      ],
      [
        16,
        49,
      ],
      [],
      [],
      [],
      [],
      [],
      [
        19,
        49,
      ],
      [
        19,
        10,
        49,
      ],
      [
        19,
        12,
        49,
      ],
      [
        19,
        12,
        49,
      ],
      [
        19,
        14,
        49,
      ],
      [
        19,
        49,
      ],
      [],
      [],
      [],
      [],
      [],
      [],
      [
        20,
        49,
      ],
      [
        20,
        10,
        49,
      ],
      [
        20,
        12,
        49,
      ],
      [
        20,
        12,
        49,
      ],
      [
        20,
        14,
        49,
      ],
      [
        20,
        49,
      ],
      [],
      [],
      [],
      [],
      [],
      [],
      [
        0,
        50,
        51,
      ],
      [
        52,
        53,
        3,
      ],
      [
        52,
        53,
        4,
      ],
      [],
      [],
      [],
      [],
      [],
      [],
      [
        8,
      ],
      [
        9,
        10,
      ],
      [
        11,
        12,
      ],
      [
        13,
        12,
      ],
      [
        8,
        14,
      ],
      [
        9,
      ],
      [],
      [],
      [],
      [],
      [],
      [],
      [
        8,
        54,
      ],
      [
        9,
        10,
        54,
      ],
      [
        11,
        12,
        54,
      ],
      [
        13,
        12,
        54,
      ],
      [
        8,
        14,
        54,
      ],
      [
        9,
        54,
      ],
      [],
      [],
      [],
      [],
      [],
      [],
      [
        15,
        54,
      ],
      [
        16,
        10,
        54,
      ],
      [
        17,
        12,
        54,
      ],
      [
        16,
        12,
        54,
      ],
      [
        17,
        14,
        54,
      ],
      [
        18,
        54,
      ],
      [],
      [],
      [],
      [],
      [],
      [
        19,
        54,
      ],
      [
        19,
        10,
        54,
      ],
      [
        19,
        12,
        54,
      ],
      [
        19,
        12,
        54,
      ],
      [
        19,
        14,
        54,
      ],
      [
        19,
        54,
      ],
      [],
      [],
      [],
      [],
      [],
      [],
      [
        20,
        54,
      ],
      [
        20,
        10,
        54,
      ],
      [
        20,
        12,
        54,
      ],
      [
        20,
        12,
        54,
      ],
      [
        20,
        14,
        54,
      ],
      [
        20,
        54,
      ],
      [],
      [],
      [],
      [],
      [],
      [],
      [
        5,
        55,
        56,
      ],
      [
        57,
        58,
        3,
      ],
      [
        57,
        58,
        4,
      ],
      [],
      [],
      [],
      [],
      [],
      [],
      [
        24,
      ],
      [
        25,
        10,
      ],
      [
        26,
        12,
      ],
      [
        27,
        12,
      ],
      [
        24,
        14,
      ],
      [
        25,
      ],
      [],
      [],
      [],
      [],
      [],
      [],
      [
        24,
      ],
      [
        25,
        10,
      ],
      [
        26,
        12,
      ],
      [
        27,
        12,
      ],
      [
        24,
        14,
      ],
      [
        25,
      ],
      [],
      [],
      [],
      [],
      [],
      [],
      [
        17,
      ],
      [
        18,
        10,
      ],
      [
        15,
        12,
      ],
      [
        18,
        12,
      ],
      [
        15,
        14,
      ],
      [
        16,
      ],
      [],
      [],
      [],
      [],
      [],
      [
        19,
      ],
      [
        19,
        10,
      ],
      [
        19,
        12,
      ],
      [
        19,
        12,
      ],
      [
        19,
        14,
      ],
      [
        19,
      ],
      [],
      [],
      [],
      [],
      [],
      [],
      [
        20,
      ],
      [
        20,
        10,
      ],
      [
        20,
        12,
      ],
      [
        20,
        12,
      ],
      [
        20,
        14,
      ],
      [
        20,
      ],
      [],
      [],
      [],
      [],
      [],
      [],
      [
        59,
        60,
      ],
      [
        61,
        60,
      ],
      [
        62,
        60,
      ],
      [],
      [],
      [],
      [],
      [],
      [],
      [
        31,
      ],
      [
        32,
        10,
      ],
      [
        33,
        12,
      ],
      [
        34,
        12,
      ],
      [
        31,
        14,
      ],
      [
        32,
      ],
      [],
      [],
      [],
      [],
      [],
      [],
      [
        31,
      ],
      [
        32,
        10,
      ],
      [
        33,
        12,
      ],
      [
        34,
        12,
      ],
      [
        31,
        14,
      ],
      [
        32,
      ],
      [],
      [],
      [],
      [],
      [],
      [],
      [
        15,
      ],
      [
        16,
        10,
      ],
      [
        17,
        12,
      ],
      [
        16,
        12,
      ],
      [
        17,
        14,
      ],
      [
        18,
      ],
      [],
      [],
      [],
      [],
      [],
      [
        19,
      ],
      [
        19,
        10,
      ],
      [
        19,
        12,
      ],
      [
        19,
        12,
      ],
      [
        19,
        14,
      ],
      [
        19,
      ],
      [],
      [],
      [],
      [],
      [],
      [],
      [
        20,
      ],
      [
        20,
        10,
      ],
      [
        20,
        12,
      ],
      [
        20,
        12,
      ],
      [
        20,
        14,
      ],
      [
        20,
      ],
      [],
      [],
      [],
      [],
      [],
      [],
      [
        28,
        30,
        63,
      ],
      [
        64,
        65,
        3,
      ],
      [
        64,
        65,
        4,
      ],
      [],
      [],
      [],
      [],
      [],
      [],
      [
        40,
      ],
      [
        43,
        10,
      ],
      [
        45,
        12,
      ],
      [
        46,
        12,
      ],
      [
        40,
        14,
      ],
      [
        43,
      ],
      [],
      [],
      [],
      [],
      [],
      [],
      [
        40,
      ],
      [
        43,
        10,
      ],
      [
        45,
        12,
      ],
      [
        46,
        12,
      ],
      [
        40,
        14,
      ],
      [
        43,
      ],
      [],
      [],
      [],
      [],
      [],
      [],
      [
        17,
      ],
      [
        18,
        10,
      ],
      [
        15,
        12,
      ],
      [
        18,
        12,
      ],
      [
        15,
        14,
      ],
      [
        16,
      ],
      [],
      [],
      [],
      [],
      [],
      [],
      [
        66,
        10,
      ],
      [
        67,
        12,
      ],
      [
        67,
        12,
      ],
      [
        68,
        14,
      ],
      [],
      [],
      [],
      [],
      [],
      [],
      [],
      [],
      [
        66,
        10,
      ],
      [
        67,
        12,
      ],
      [
        67,
        12,
      ],
      [
        68,
        14,
      ],
      [],
      [],
      [],
      [],
      [],
      [],
      [],
      [
        36,
        37,
      ],
      [
        38,
        37,
      ],
      [
        39,
        37,
      ],
      [],
      [],
      [],
      [],
      [],
      [],
      [],
      [],
      [],
      [],
      [],
      [],
      [],
      [],
      [],
      [],
      [],
      [],
      [],
      [],
      [],
      [],
      [],
      [],
      [],
      [],
      [],
      [],
      [],
      [],
      [],
      [],
      [],
      [],
      [],
      [],
      [],
      [],
      [],
      [],
      [],
      [],
      [],
      [],
      [],
      [],
      [],
      [],
      [],
      [],
      [],
      [],
      [],
      [],
      [],
      [],
      [],
      [],
      [],
      [],
      [],
      [],
      [],
      [],
      [],
      [
        5,
        55,
        69,
      ],
      [
        57,
        70,
        3,
      ],
      [
        57,
        70,
        4,
      ],
      [],
      [],
      [],
      [],
      [],
      [],
      [],
      [],
      [],
      [],
      [],
      [],
      [],
      [],
      [],
      [],
      [],
      [],
      [],
      [],
      [],
      [],
      [],
      [],
      [],
      [],
      [],
      [],
      [],
      [],
      [],
      [],
      [],
      [],
      [],
      [],
      [],
      [],
      [],
      [],
      [],
      [],
      [],
      [],
      [],
      [],
      [],
      [],
      [],
      [],
      [],
      [],
      [],
      [],
      [],
      [],
      [],
      [],
      [],
      [],
      [],
      [],
      [],
      [],
      [],
      [
        59,
        60,
      ],
      [
        61,
        60,
      ],
      [
        62,
        60,
      ],
      [],
      [],
      [],
      [],
      [],
      [],
      [],
      [],
      [],
      [],
      [],
      [],
      [],
      [],
      [],
      [],
      [],
      [],
      [],
      [],
      [],
      [],
      [],
      [],
      [],
      [],
      [],
      [],
      [],
      [],
      [],
      [],
      [],
      [],
      [],
      [],
      [],
      [],
      [],
      [],
      [],
      [],
      [],
      [],
      [],
      [],
      [],
      [],
      [],
      [],
      [],
      [],
      [],
      [],
      [],
      [],
      [],
      [],
      [],
      [],
      [],
      [],
      [],
      [],
      [],
      [
        28,
        30,
        63,
      ],
      [
        64,
        65,
        3,
      ],
      [
        64,
        65,
        4,
      ],
      [],
      [],
      [],
      [],
      [],
      [],
      [
        71,
        72,
      ],
      [
        9,
      ],
      [
        11,
      ],
      [
        13,
      ],
      [
        8,
      ],
      [
        9,
      ],
      [
        73,
        74,
      ],
      [],
      [],
      [],
      [],
      [],
      [
        8,
      ],
      [
        9,
      ],
      [
        11,
      ],
      [
        13,
      ],
      [
        8,
      ],
      [
        9,
      ],
      [
        11,
      ],
      [],
      [],
      [],
      [],
      [],
      [
        18,
      ],
      [
        15,
      ],
      [
        18,
      ],
      [
        15,
      ],
      [
        18,
      ],
      [
        15,
      ],
      [
        18,
      ],
      [],
      [],
      [],
      [],
      [],
      [
        19,
      ],
      [
        19,
      ],
      [
        19,
      ],
      [
        19,
      ],
      [
        19,
      ],
      [
        19,
      ],
      [
        19,
      ],
      [],
      [],
      [],
      [],
      [],
      [
        20,
      ],
      [
        20,
      ],
      [
        20,
      ],
      [
        20,
      ],
      [
        20,
      ],
      [
        20,
      ],
      [
        20,
      ],
      [],
      [],
      [],
      [],
      [
        36,
        37,
      ],
      [
        38,
        37,
      ],
      [
        39,
        37,
      ],
      [],
      [],
      [],
      [],
      [],
      [],
      [
        75,
        72,
      ],
      [
        25,
      ],
      [
        26,
      ],
      [
        27,
      ],
      [
        24,
      ],
      [
        25,
      ],
      [
        76,
        74,
      ],
      [],
      [],
      [],
      [],
      [],
      [
        24,
        77,
      ],
      [
        25,
        77,
      ],
      [
        26,
        77,
      ],
      [
        27,
        77,
      ],
      [
        24,
        77,
      ],
      [
        25,
        77,
      ],
      [
        26,
        77,
      ],
      [],
      [],
      [],
      [],
      [],
      [
        16,
        77,
      ],
      [
        17,
        77,
      ],
      [
        16,
        77,
      ],
      [
        17,
        77,
      ],
      [
        16,
        77,
      ],
      [
        17,
        77,
      ],
      [
        16,
        77,
      ],
      [],
      [],
      [],
      [],
      [],
      [
        19,
        77,
      ],
      [
        19,
        77,
      ],
      [
        19,
        77,
      ],
      [
        19,
        77,
      ],
      [
        19,
        77,
      ],
      [
        19,
        77,
      ],
      [
        19,
        77,
      ],
      [],
      [],
      [],
      [],
      [],
      [
        20,
        77,
      ],
      [
        20,
        77,
      ],
      [
        20,
        77,
      ],
      [
        20,
        77,
      ],
      [
        20,
        77,
      ],
      [
        20,
        77,
      ],
      [
        20,
        77,
      ],
      [],
      [],
      [],
      [],
      [
        28,
        30,
        63,
      ],
      [
        64,
        65,
        3,
      ],
      [
        64,
        65,
        4,
      ],
      [],
      [],
      [],
      [],
      [],
      [],
      [
        78,
        79,
      ],
      [
        32,
        80,
      ],
      [
        33,
        80,
      ],
      [
        34,
        80,
      ],
      [
        31,
        80,
      ],
      [
        32,
        80,
      ],
      [
        81,
        82,
      ],
      [],
      [],
      [],
      [],
      [],
      [
        31,
        83,
      ],
      [
        32,
        83,
      ],
      [
        33,
        83,
      ],
      [
        34,
        83,
      ],
      [
        31,
        83,
      ],
      [
        32,
        83,
      ],
      [
        33,
        83,
      ],
      [],
      [],
      [],
      [],
      [],
      [
        18,
        83,
      ],
      [
        15,
        83,
      ],
      [
        18,
        83,
      ],
      [
        15,
        83,
      ],
      [
        18,
        83,
      ],
      [
        15,
        83,
      ],
      [
        18,
        83,
      ],
      [],
      [],
      [],
      [],
      [],
      [
        19,
        83,
      ],
      [
        19,
        83,
      ],
      [
        19,
        83,
      ],
      [
        19,
        83,
      ],
      [
        19,
        83,
      ],
      [
        19,
        83,
      ],
      [
        19,
        83,
      ],
      [],
      [],
      [],
      [],
      [],
      [
        20,
        83,
      ],
      [
        20,
        83,
      ],
      [
        20,
        83,
      ],
      [
        20,
        83,
      ],
      [
        20,
        83,
      ],
      [
        20,
        83,
      ],
      [
        20,
        83,
      ],
      [],
      [],
      [],
      [],
      [
        84,
        60,
      ],
      [
        85,
        60,
      ],
      [
        86,
        60,
      ],
      [],
      [],
      [],
      [],
      [],
      [],
      [
        87,
        72,
      ],
      [
        43,
      ],
      [
        45,
      ],
      [
        46,
      ],
      [
        40,
      ],
      [
        43,
      ],
      [
        88,
        74,
      ],
      [],
      [],
      [],
      [],
      [],
      [
        40,
        89,
      ],
      [
        43,
        89,
      ],
      [
        45,
        89,
      ],
      [
        46,
        89,
      ],
      [
        40,
        89,
      ],
      [
        43,
        89,
      ],
      [
        45,
        89,
      ],
      [],
      [],
      [],
      [],
      [],
      [
        16,
        89,
      ],
      [
        17,
        89,
      ],
      [
        16,
        89,
      ],
      [
        17,
        89,
      ],
      [
        16,
        89,
      ],
      [
        17,
        89,
      ],
      [
        16,
        89,
      ],
      [],
      [],
      [],
      [],
      [],
      [
        19,
        89,
      ],
      [
        19,
        89,
      ],
      [
        19,
        89,
      ],
      [
        19,
        89,
      ],
      [
        19,
        89,
      ],
      [
        19,
        89,
      ],
      [
        19,
        89,
      ],
      [],
      [],
      [],
      [],
      [],
      [
        20,
        89,
      ],
      [
        20,
        89,
      ],
      [
        20,
        89,
      ],
      [
        20,
        89,
      ],
      [
        20,
        89,
      ],
      [
        20,
        89,
      ],
      [
        20,
        89,
      ],
      [],
      [],
      [],
      [],
      [
        5,
        55,
        69,
      ],
      [
        57,
        70,
        3,
      ],
      [
        57,
        70,
        4,
      ],
      [],
      [],
      [],
      [],
      [],
      [],
      [
        71,
        72,
      ],
      [
        9,
      ],
      [
        11,
      ],
      [
        13,
      ],
      [
        8,
      ],
      [
        9,
      ],
      [
        73,
        74,
      ],
      [],
      [],
      [],
      [],
      [],
      [
        8,
      ],
      [
        9,
      ],
      [
        11,
      ],
      [
        13,
      ],
      [
        8,
      ],
      [
        9,
      ],
      [
        11,
      ],
      [],
      [],
      [],
      [],
      [],
      [
        18,
      ],
      [
        15,
      ],
      [
        18,
      ],
      [
        15,
      ],
      [
        18,
      ],
      [
        15,
      ],
      [
        18,
      ],
      [],
      [],
      [],
      [],
      [],
      [
        19,
      ],
      [
        19,
      ],
      [
        19,
      ],
      [
        19,
      ],
      [
        19,
      ],
      [
        19,
      ],
      [
        19,
      ],
      [],
      [],
      [],
      [],
      [],
      [
        20,
      ],
      [
        20,
      ],
      [
        20,
      ],
      [
        20,
      ],
      [
        20,
      ],
      [
        20,
      ],
      [
        20,
      ],
      [],
      [],
      [],
      [],
      [
        90,
        91,
      ],
      [
        92,
        91,
      ],
      [
        93,
        91,
      ],
      [],
      [],
      [],
      [],
      [],
      [],
      [],
      [],
      [],
      [],
      [],
      [],
      [],
      [],
      [],
      [],
      [],
      [],
      [],
      [],
      [],
      [],
      [],
      [],
      [],
      [],
      [],
      [],
      [],
      [],
      [],
      [],
      [],
      [],
      [],
      [],
      [],
      [],
      [],
      [],
      [],
      [],
      [],
      [],
      [],
      [],
      [],
      [],
      [],
      [],
      [],
      [],
      [],
      [],
      [],
      [],
      [],
      [],
      [],
      [],
      [],
      [],
      [],
      [],
      [],
      [
        28,
        30,
        63,
      ],
      [
        64,
        65,
        3,
      ],
      [
        64,
        65,
        4,
      ],
      [],
      [],
      [],
      [],
      [],
      [],
      [],
      [],
      [],
      [],
      [],
      [],
      [],
      [],
      [],
      [],
      [],
      [],
      [],
      [],
      [],
      [],
      [],
      [],
      [],
      [],
      [],
      [],
      [],
      [],
      [],
      [],
      [],
      [],
      [],
      [],
      [],
      [],
      [],
      [],
      [],
      [],
      [],
      [],
      [],
      [],
      [],
      [],
      [],
      [],
      [],
      [],
      [],
      [],
      [],
      [],
      [],
      [],
      [],
      [],
      [],
      [],
      [],
      [],
      [],
      [
        21,
        94,
      ],
      [
        21,
        95,
        3,
      ],
      [
        21,
        95,
        4,
      ],
      [],
      [],
      [],
      [],
      [],
      [],
      [],
      [],
      [],
      [],
      [],
      [
        96,
        97,
      ],
      [],
      [],
      [],
      [],
      [],
      [],
      [],
      [],
      [],
      [],
      [],
      [],
      [],
      [],
      [],
      [],
      [],
      [],
      [],
      [],
      [],
      [],
      [],
      [],
      [],
      [],
      [],
      [],
      [],
      [],
      [],
      [],
      [],
      [],
      [],
      [],
      [],
      [],
      [],
      [],
      [],
      [],
      [],
      [],
      [],
      [],
      [],
      [],
      [],
      [],
      [],
      [],
      [],
      [
        28,
        1,
      ],
      [
        28,
        2,
        3,
      ],
      [
        28,
        2,
        4,
      ],
      [],
      [],
      [],
      [],
      [],
      [],
      [],
      [],
      [],
      [
        71,
        98,
      ],
      [
        99,
        100,
      ],
      [
        101,
        102,
      ],
      [
        103,
        98,
      ],
      [
        71,
        100,
      ],
      [],
      [],
      [],
      [],
      [],
      [],
      [],
      [
        8,
      ],
      [
        9,
        10,
      ],
      [
        11,
        12,
      ],
      [
        13,
        14,
      ],
      [
        8,
      ],
      [],
      [],
      [],
      [],
      [],
      [],
      [],
      [
        104,
      ],
      [
        105,
        10,
      ],
      [
        106,
        12,
      ],
      [
        107,
        14,
      ],
      [
        104,
      ],
      [],
      [],
      [],
      [],
      [],
      [
        19,
      ],
      [
        19,
        10,
      ],
      [
        19,
        12,
      ],
      [
        19,
        14,
      ],
      [
        19,
      ],
      [],
      [],
      [],
      [],
      [],
      [],
      [],
      [
        20,
      ],
      [
        20,
        10,
      ],
      [
        20,
        12,
      ],
      [
        20,
        14,
      ],
      [
        20,
      ],
      [],
      [],
      [],
      [],
      [],
      [
        21,
        6,
      ],
      [
        21,
        7,
        3,
      ],
      [
        21,
        7,
        4,
      ],
      [],
      [],
      [],
      [],
      [],
      [],
      [],
      [],
      [],
      [
        75,
        108,
      ],
      [
        109,
        110,
      ],
      [
        111,
        112,
      ],
      [
        113,
        108,
      ],
      [
        75,
        110,
      ],
      [],
      [],
      [],
      [],
      [],
      [],
      [],
      [
        24,
      ],
      [
        25,
        10,
      ],
      [
        26,
        12,
      ],
      [
        27,
        14,
      ],
      [
        24,
      ],
      [],
      [],
      [],
      [],
      [],
      [],
      [],
      [
        114,
      ],
      [
        115,
        10,
      ],
      [
        116,
        12,
      ],
      [
        117,
        14,
      ],
      [
        114,
      ],
      [],
      [],
      [],
      [],
      [],
      [
        19,
      ],
      [
        19,
        10,
      ],
      [
        19,
        12,
      ],
      [
        19,
        14,
      ],
      [
        19,
      ],
      [],
      [],
      [],
      [],
      [],
      [],
      [],
      [
        20,
      ],
      [
        20,
        10,
      ],
      [
        20,
        12,
      ],
      [
        20,
        14,
      ],
      [
        20,
      ],
      [],
      [],
      [],
      [],
      [],
      [
        28,
        1,
      ],
      [
        28,
        2,
        3,
      ],
      [
        28,
        2,
        4,
      ],
      [],
      [],
      [],
      [],
      [],
      [],
      [],
      [],
      [],
      [
        31,
      ],
      [
        32,
      ],
      [
        33,
        112,
      ],
      [
        34,
      ],
      [
        31,
      ],
      [],
      [],
      [],
      [],
      [],
      [],
      [],
      [
        31,
      ],
      [
        32,
        10,
      ],
      [
        33,
        12,
      ],
      [
        34,
        14,
      ],
      [
        31,
      ],
      [],
      [],
      [],
      [],
      [],
      [],
      [],
      [
        118,
      ],
      [
        119,
        10,
      ],
      [
        120,
        12,
      ],
      [
        121,
        14,
      ],
      [
        118,
      ],
      [],
      [],
      [],
      [],
      [],
      [
        19,
      ],
      [
        19,
        10,
      ],
      [
        19,
        12,
      ],
      [
        19,
        14,
      ],
      [
        19,
      ],
      [],
      [],
      [],
      [],
      [],
      [],
      [],
      [
        20,
      ],
      [
        20,
        10,
      ],
      [
        20,
        12,
      ],
      [
        20,
        14,
      ],
      [
        20,
      ],
      [],
      [],
      [],
      [],
      [],
      [
        21,
        6,
      ],
      [
        21,
        7,
        3,
      ],
      [
        21,
        7,
        4,
      ],
      [],
      [],
      [],
      [],
      [],
      [],
      [],
      [],
      [],
      [
        40,
      ],
      [
        43,
      ],
      [
        45,
        112,
      ],
      [
        46,
      ],
      [
        40,
      ],
      [],
      [],
      [],
      [],
      [],
      [],
      [],
      [
        40,
      ],
      [
        43,
        10,
      ],
      [
        45,
        12,
      ],
      [
        46,
        14,
      ],
      [
        40,
      ],
      [],
      [],
      [],
      [],
      [],
      [],
      [],
      [
        122,
      ],
      [
        123,
        10,
      ],
      [
        124,
        12,
      ],
      [
        125,
        14,
      ],
      [
        122,
      ],
      [],
      [],
      [],
      [],
      [],
      [
        19,
      ],
      [
        19,
        10,
      ],
      [
        19,
        12,
      ],
      [
        19,
        14,
      ],
      [
        19,
      ],
      [],
      [],
      [],
      [],
      [],
      [],
      [],
      [
        20,
      ],
      [
        20,
        10,
      ],
      [
        20,
        12,
      ],
      [
        20,
        14,
      ],
      [
        20,
      ],
      [],
      [],
      [],
      [],
      [],
      [
        28,
        1,
      ],
      [
        28,
        2,
        3,
      ],
      [
        28,
        2,
        4,
      ],
      [],
      [],
      [],
      [],
      [],
      [],
      [],
      [],
      [],
      [
        8,
      ],
      [
        9,
      ],
      [
        11,
        112,
      ],
      [
        13,
      ],
      [
        8,
      ],
      [],
      [],
      [],
      [],
      [],
      [],
      [],
      [
        8,
      ],
      [
        9,
        10,
      ],
      [
        11,
        12,
      ],
      [
        13,
        14,
      ],
      [
        8,
      ],
      [],
      [],
      [],
      [],
      [],
      [],
      [],
      [
        104,
      ],
      [
        105,
        10,
      ],
      [
        106,
        12,
      ],
      [
        107,
        14,
      ],
      [
        104,
      ],
      [],
      [],
      [],
      [],
      [],
      [
        19,
      ],
      [
        19,
        10,
      ],
      [
        19,
        12,
      ],
      [
        19,
        14,
      ],
      [
        19,
      ],
      [],
      [],
      [],
      [],
      [],
      [],
      [],
      [
        20,
      ],
      [
        20,
        10,
      ],
      [
        20,
        12,
      ],
      [
        20,
        14,
      ],
      [
        20,
      ],
      [],
      [],
      [],
      [],
      [],
      [
        5,
        126,
      ],
      [
        5,
        127,
        3,
      ],
      [
        5,
        127,
        4,
      ],
      [],
      [],
      [],
      [],
      [],
      [],
      [],
      [],
      [],
      [
        24,
      ],
      [
        25,
      ],
      [
        26,
        112,
      ],
      [
        27,
      ],
      [
        24,
      ],
      [],
      [],
      [],
      [],
      [],
      [],
      [],
      [
        24,
      ],
      [
        25,
        10,
      ],
      [
        26,
        12,
      ],
      [
        27,
        14,
      ],
      [
        24,
      ],
      [],
      [],
      [],
      [],
      [],
      [],
      [],
      [
        114,
      ],
      [
        115,
        10,
      ],
      [
        116,
        12,
      ],
      [
        117,
        14,
      ],
      [
        114,
      ],
      [],
      [],
      [],
      [],
      [],
      [
        19,
      ],
      [
        19,
        10,
      ],
      [
        19,
        12,
      ],
      [
        19,
        14,
      ],
      [
        19,
      ],
      [],
      [],
      [],
      [],
      [],
      [],
      [],
      [
        20,
      ],
      [
        20,
        10,
      ],
      [
        20,
        12,
      ],
      [
        20,
        14,
      ],
      [
        20,
      ],
      [],
      [],
      [],
      [],
      [],
      [
        0,
        128,
      ],
      [
        0,
        129,
        3,
      ],
      [
        0,
        129,
        4,
      ],
      [],
      [],
      [],
      [],
      [],
      [],
      [],
      [],
      [],
      [
        31,
      ],
      [
        32,
      ],
      [
        33,
        112,
      ],
      [
        34,
      ],
      [
        31,
      ],
      [],
      [],
      [],
      [],
      [],
      [],
      [],
      [
        31,
      ],
      [
        32,
        10,
      ],
      [
        33,
        12,
      ],
      [
        34,
        14,
      ],
      [
        31,
      ],
      [],
      [],
      [],
      [],
      [],
      [],
      [],
      [
        118,
      ],
      [
        119,
        10,
      ],
      [
        120,
        12,
      ],
      [
        121,
        14,
      ],
      [
        118,
      ],
      [],
      [],
      [],
      [],
      [],
      [
        19,
      ],
      [
        19,
        10,
      ],
      [
        19,
        12,
      ],
      [
        19,
        14,
      ],
      [
        19,
      ],
      [],
      [],
      [],
      [],
      [],
      [],
      [],
      [
        20,
      ],
      [
        20,
        10,
      ],
      [
        20,
        12,
      ],
      [
        20,
        14,
      ],
      [
        20,
      ],
      [],
      [],
      [],
      [],
      [],
      [
        5,
        130,
      ],
      [
        5,
        50,
        3,
      ],
      [
        5,
        50,
        4,
      ],
      [],
      [],
      [],
      [],
      [],
      [],
      [],
      [],
      [],
      [
        87,
        131,
      ],
      [
        132,
        133,
      ],
      [
        134,
        135,
      ],
      [
        136,
        131,
      ],
      [
        87,
        133,
      ],
      [],
      [],
      [],
      [],
      [],
      [],
      [],
      [
        40,
      ],
      [
        43,
        10,
      ],
      [
        45,
        12,
      ],
      [
        46,
        14,
      ],
      [
        40,
      ],
      [],
      [],
      [],
      [],
      [],
      [],
      [],
      [
        122,
      ],
      [
        123,
        10,
      ],
      [
        124,
        12,
      ],
      [
        125,
        14,
      ],
      [
        122,
      ],
      [],
      [],
      [],
      [],
      [],
      [
        19,
      ],
      [
        19,
        10,
      ],
      [
        19,
        12,
      ],
      [
        19,
        14,
      ],
      [
        19,
      ],
      [],
      [],
      [],
      [],
      [],
      [],
      [],
      [
        20,
      ],
      [
        20,
        10,
      ],
      [
        20,
        12,
      ],
      [
        20,
        14,
      ],
      [
        20,
      ],
      [],
      [],
      [],
      [],
      [],
      [
        0,
        128,
      ],
      [
        0,
        129,
        3,
      ],
      [
        0,
        129,
        4,
      ],
      [],
      [],
      [],
      [],
      [],
      [],
      [],
      [],
      [],
      [],
      [],
      [
        137,
        138,
      ],
      [],
      [],
      [],
      [],
      [],
      [],
      [],
      [],
      [],
      [],
      [],
      [],
      [],
      [],
      [],
      [],
      [],
      [],
      [],
      [],
      [],
      [],
      [],
      [],
      [],
      [],
      [],
      [],
      [],
      [],
      [],
      [],
      [],
      [],
      [],
      [],
      [],
      [],
      [],
      [],
      [],
      [],
      [],
      [],
      [],
      [],
      [],
      [],
      [],
      [],
      [],
      [],
      [],
      [
        5,
        130,
      ],
      [
        5,
        50,
        3,
      ],
      [
        5,
        50,
        4,
      ],
      [],
      [],
      [],
      [],
      [],
      [],
      [],
      [],
      [],
      [],
      [],
      [],
      [],
      [],
      [],
      [],
      [],
      [],
      [],
      [],
      [],
      [],
      [],
      [],
      [],
      [],
      [],
      [],
      [],
      [],
      [],
      [],
      [],
      [],
      [],
      [],
      [],
      [],
      [],
      [],
      [],
      [],
      [],
      [],
      [],
      [],
      [],
      [],
      [],
      [],
      [],
      [],
      [],
      [],
      [],
      [],
      [],
      [],
      [],
      [],
      [],
      [],
      [],
      [],
      [],
      [
        0,
        128,
      ],
      [
        0,
        129,
        3,
      ],
      [
        0,
        129,
        4,
      ],
      [],
      [],
      [],
      [],
      [],
      [],
      [],
      [],
      [],
      [],
      [],
      [],
      [],
      [],
      [],
      [],
      [],
      [],
      [],
      [],
      [],
      [],
      [],
      [],
      [],
      [],
      [],
      [],
      [],
      [],
      [],
      [],
      [],
      [],
      [],
      [],
      [],
      [],
      [],
      [],
      [],
      [],
      [],
      [],
      [],
      [],
      [],
      [],
      [],
      [],
      [],
      [],
      [],
      [],
      [],
      [],
      [],
      [],
      [],
      [],
      [],
      [],
      [],
      [],
      [],
      [],
      [],
      [],
      [],
      [],
      [],
      [],
    ],
    "tileByTileId": [
      [
        {
          "globalId": 55210,
          "transformId": 0,
        },
      ],
      [
        {
          "globalId": 57007,
          "transformId": 0,
        },
        {
          "systemTag": 409,
        },
        {
          "passage": 0,
        },
      ],
      [
        {
          "globalId": 57007,
          "transformId": 0,
        },
      ],
      [
        {
          "globalId": 58509,
          "transformId": 0,
        },
        {
          "systemTag": 409,
        },
        {
          "passage": 0,
        },
      ],
      [
        {
          "globalId": 58659,
          "transformId": 0,
        },
        {
          "systemTag": 410,
        },
        {
          "passage": 0,
        },
      ],
      [
        {
          "globalId": 55060,
          "transformId": 0,
        },
      ],
      [
        {
          "globalId": 57157,
          "transformId": 0,
        },
        {
          "systemTag": 409,
        },
        {
          "passage": 0,
        },
      ],
      [
        {
          "globalId": 57157,
          "transformId": 0,
        },
      ],
      [
        {
          "globalId": 61883,
          "transformId": 0,
        },
        {
          "systemTag": 385,
        },
        {
          "passage": 0,
        },
      ],
      [
        {
          "globalId": 61884,
          "transformId": 0,
        },
        {
          "systemTag": 385,
        },
        {
          "passage": 0,
        },
      ],
      [
        {
          "priority": 3,
        },
        {
          "globalId": 2301,
          "transformId": 0,
        },
        {
          "systemTag": 402,
        },
      ],
      [
        {
          "globalId": 61885,
          "transformId": 0,
        },
        {
          "systemTag": 385,
        },
        {
          "passage": 0,
        },
      ],
      [
        {
          "priority": 3,
        },
        {
          "globalId": 2302,
          "transformId": 0,
        },
        {
          "systemTag": 402,
        },
      ],
      [
        {
          "globalId": 61886,
          "transformId": 0,
        },
        {
          "systemTag": 385,
        },
        {
          "passage": 0,
        },
      ],
      [
        {
          "priority": 3,
        },
        {
          "globalId": 2303,
          "transformId": 0,
        },
        {
          "systemTag": 402,
        },
      ],
      [
        {
          "globalId": 10661,
          "transformId": 0,
        },
        {
          "systemTag": 405,
        },
        {
          "passage": 0,
        },
      ],
      [
        {
          "globalId": 10612,
          "transformId": 0,
        },
        {
          "systemTag": 405,
        },
        {
          "passage": 0,
        },
      ],
      [
        {
          "globalId": 10613,
          "transformId": 0,
        },
        {
          "systemTag": 405,
        },
        {
          "passage": 0,
        },
      ],
      [
        {
          "globalId": 10660,
          "transformId": 0,
        },
        {
          "systemTag": 405,
        },
        {
          "passage": 0,
        },
      ],
      [
        {
          "globalId": 8285,
          "transformId": 0,
        },
        {
          "systemTag": 390,
        },
        {
          "passage": 0,
        },
      ],
      [
        {
          "globalId": 8285,
          "transformId": 0,
        },
        {
          "systemTag": 389,
        },
        {
          "passage": 0,
        },
      ],
      [
        {
          "globalId": 55211,
          "transformId": 0,
        },
      ],
      [
        {
          "globalId": 57159,
          "transformId": 0,
        },
        {
          "systemTag": 409,
        },
        {
          "passage": 0,
        },
      ],
      [
        {
          "globalId": 57159,
          "transformId": 0,
        },
      ],
      [
        {
          "globalId": 62033,
          "transformId": 0,
        },
        {
          "systemTag": 385,
        },
        {
          "passage": 0,
        },
      ],
      [
        {
          "globalId": 62034,
          "transformId": 0,
        },
        {
          "systemTag": 385,
        },
        {
          "passage": 0,
        },
      ],
      [
        {
          "globalId": 62035,
          "transformId": 0,
        },
        {
          "systemTag": 385,
        },
        {
          "passage": 0,
        },
      ],
      [
        {
          "globalId": 62036,
          "transformId": 0,
        },
        {
          "systemTag": 385,
        },
        {
          "passage": 0,
        },
      ],
      [
        {
          "globalId": 55061,
          "transformId": 0,
        },
      ],
      [
        {
          "globalId": 57009,
          "transformId": 0,
        },
        {
          "systemTag": 409,
        },
        {
          "passage": 0,
        },
      ],
      [
        {
          "globalId": 57009,
          "transformId": 0,
        },
      ],
      [
        {
          "globalId": 62183,
          "transformId": 0,
        },
        {
          "systemTag": 385,
        },
        {
          "passage": 0,
        },
      ],
      [
        {
          "globalId": 62184,
          "transformId": 0,
        },
        {
          "systemTag": 385,
        },
        {
          "passage": 0,
        },
      ],
      [
        {
          "globalId": 62185,
          "transformId": 0,
        },
        {
          "systemTag": 385,
        },
        {
          "passage": 0,
        },
      ],
      [
        {
          "globalId": 62186,
          "transformId": 0,
        },
        {
          "systemTag": 385,
        },
        {
          "passage": 0,
        },
      ],
      [
        {
          "priority": 5,
        },
        {
          "globalId": 2300,
          "transformId": 0,
        },
        {
          "systemTag": 404,
        },
      ],
      [
        {
          "globalId": 55211,
          "transformId": 0,
        },
        {
          "globalId": 57309,
          "transformId": 0,
        },
        {
          "systemTag": 409,
        },
        {
          "passage": 0,
        },
      ],
      [
        {
          "priority": 1,
        },
        {
          "globalId": 54307,
          "transformId": 0,
        },
      ],
      [
        {
          "globalId": 55211,
          "transformId": 0,
        },
        {
          "globalId": 57309,
          "transformId": 0,
        },
        {
          "globalId": 58509,
          "transformId": 0,
        },
        {
          "systemTag": 409,
        },
        {
          "passage": 0,
        },
      ],
      [
        {
          "globalId": 55211,
          "transformId": 0,
        },
        {
          "globalId": 57309,
          "transformId": 0,
        },
        {
          "globalId": 58659,
          "transformId": 0,
        },
        {
          "systemTag": 410,
        },
        {
          "passage": 0,
        },
      ],
      [
        {
          "globalId": 62333,
          "transformId": 0,
        },
        {
          "systemTag": 385,
        },
        {
          "passage": 0,
        },
      ],
      [
        {
          "priority": 3,
        },
        {
          "globalId": 64174,
          "transformId": 0,
        },
      ],
      [
        {
          "priority": 5,
        },
        {
          "globalId": 64174,
          "transformId": 0,
        },
        {
          "systemTag": 412,
        },
      ],
      [
        {
          "globalId": 62334,
          "transformId": 0,
        },
        {
          "systemTag": 385,
        },
        {
          "passage": 0,
        },
      ],
      [
        {
          "priority": 5,
        },
        {
          "globalId": 64175,
          "transformId": 0,
        },
        {
          "systemTag": 412,
        },
      ],
      [
        {
          "globalId": 62335,
          "transformId": 0,
        },
        {
          "systemTag": 385,
        },
        {
          "passage": 0,
        },
      ],
      [
        {
          "globalId": 62336,
          "transformId": 0,
        },
        {
          "systemTag": 385,
        },
        {
          "passage": 0,
        },
      ],
      [
        {
          "priority": 3,
        },
        {
          "globalId": 64176,
          "transformId": 0,
        },
      ],
      [
        {
          "priority": 5,
        },
        {
          "globalId": 64176,
          "transformId": 0,
        },
        {
          "systemTag": 412,
        },
      ],
      [
        {
          "priority": 5,
        },
        {
          "globalId": 2396,
          "transformId": 0,
        },
        {
          "systemTag": 404,
        },
      ],
      [
        {
          "globalId": 57160,
          "transformId": 0,
        },
      ],
      [
        {
          "globalId": 57173,
          "transformId": 0,
        },
        {
          "systemTag": 409,
        },
        {
          "passage": 0,
        },
      ],
      [
        {
          "globalId": 55210,
          "transformId": 0,
        },
        {
          "globalId": 57160,
          "transformId": 0,
        },
      ],
      [
        {
          "globalId": 57173,
          "transformId": 0,
        },
      ],
      [
        {
          "priority": 5,
        },
        {
          "globalId": 2492,
          "transformId": 0,
        },
        {
          "systemTag": 404,
        },
      ],
      [
        {
          "globalId": 57008,
          "transformId": 0,
        },
      ],
      [
        {
          "globalId": 57323,
          "transformId": 0,
        },
        {
          "systemTag": 409,
        },
        {
          "passage": 0,
        },
      ],
      [
        {
          "globalId": 55060,
          "transformId": 0,
        },
        {
          "globalId": 57008,
          "transformId": 0,
        },
      ],
      [
        {
          "globalId": 57323,
          "transformId": 0,
        },
      ],
      [
        {
          "globalId": 55210,
          "transformId": 0,
        },
        {
          "globalId": 57308,
          "transformId": 0,
        },
        {
          "systemTag": 409,
        },
        {
          "passage": 0,
        },
      ],
      [
        {
          "priority": 1,
        },
        {
          "globalId": 54308,
          "transformId": 0,
        },
      ],
      [
        {
          "globalId": 55210,
          "transformId": 0,
        },
        {
          "globalId": 57308,
          "transformId": 0,
        },
        {
          "globalId": 58509,
          "transformId": 0,
        },
        {
          "systemTag": 409,
        },
        {
          "passage": 0,
        },
      ],
      [
        {
          "globalId": 55210,
          "transformId": 0,
        },
        {
          "globalId": 57308,
          "transformId": 0,
        },
        {
          "globalId": 58659,
          "transformId": 0,
        },
        {
          "systemTag": 410,
        },
        {
          "passage": 0,
        },
      ],
      [
        {
          "globalId": 57024,
          "transformId": 0,
        },
        {
          "systemTag": 409,
        },
        {
          "passage": 0,
        },
      ],
      [
        {
          "globalId": 55061,
          "transformId": 0,
        },
        {
          "globalId": 57009,
          "transformId": 0,
        },
      ],
      [
        {
          "globalId": 57024,
          "transformId": 0,
        },
      ],
      [
        {
          "globalId": 2301,
          "transformId": 0,
        },
        {
          "passage": 0,
        },
      ],
      [
        {
          "globalId": 2302,
          "transformId": 0,
        },
        {
          "passage": 0,
        },
      ],
      [
        {
          "globalId": 2303,
          "transformId": 0,
        },
        {
          "passage": 0,
        },
      ],
      [
        {
          "globalId": 57025,
          "transformId": 0,
        },
        {
          "systemTag": 409,
        },
        {
          "passage": 0,
        },
      ],
      [
        {
          "globalId": 57025,
          "transformId": 0,
        },
      ],
      [
        {
          "globalId": 61883,
          "transformId": 0,
        },
      ],
      [
        {
          "globalId": 43464,
          "transformId": 0,
        },
        {
          "systemTag": 385,
        },
        {
          "passage": 15,
        },
      ],
      [
        {
          "globalId": 61885,
          "transformId": 0,
        },
      ],
      [
        {
          "globalId": 43461,
          "transformId": 0,
        },
        {
          "systemTag": 385,
        },
        {
          "passage": 15,
        },
      ],
      [
        {
          "globalId": 62033,
          "transformId": 0,
        },
      ],
      [
        {
          "globalId": 62035,
          "transformId": 0,
        },
      ],
      [
        {
          "priority": 5,
        },
        {
          "globalId": 2300,
          "transformId": 0,
        },
      ],
      [
        {
          "globalId": 62183,
          "transformId": 0,
        },
        {
          "globalId": 43464,
          "transformId": 0,
        },
        {
          "systemTag": 385,
        },
        {
          "passage": 15,
        },
      ],
      [
        {
          "priority": 3,
        },
        {
          "globalId": 64174,
          "transformId": 0,
        },
        {
          "systemTag": 412,
        },
      ],
      [
        {
          "priority": 3,
        },
        {
          "globalId": 64175,
          "transformId": 0,
        },
        {
          "systemTag": 412,
        },
      ],
      [
        {
          "globalId": 62185,
          "transformId": 0,
        },
        {
          "globalId": 43461,
          "transformId": 0,
        },
        {
          "systemTag": 385,
        },
        {
          "passage": 15,
        },
      ],
      [
        {
          "priority": 3,
        },
        {
          "globalId": 64176,
          "transformId": 0,
        },
        {
          "systemTag": 412,
        },
      ],
      [
        {
          "priority": 5,
        },
        {
          "globalId": 2396,
          "transformId": 0,
        },
      ],
      [
        {
          "globalId": 55211,
          "transformId": 0,
        },
        {
          "globalId": 57308,
          "transformId": 0,
        },
        {
          "systemTag": 409,
        },
        {
          "passage": 0,
        },
      ],
      [
        {
          "globalId": 55211,
          "transformId": 0,
        },
        {
          "globalId": 57308,
          "transformId": 0,
        },
        {
          "globalId": 58509,
          "transformId": 0,
        },
        {
          "systemTag": 409,
        },
        {
          "passage": 0,
        },
      ],
      [
        {
          "globalId": 55211,
          "transformId": 0,
        },
        {
          "globalId": 57308,
          "transformId": 0,
        },
        {
          "globalId": 58659,
          "transformId": 0,
        },
        {
          "systemTag": 410,
        },
        {
          "passage": 0,
        },
      ],
      [
        {
          "globalId": 62333,
          "transformId": 0,
        },
      ],
      [
        {
          "globalId": 62335,
          "transformId": 0,
        },
      ],
      [
        {
          "priority": 5,
        },
        {
          "globalId": 2492,
          "transformId": 0,
        },
      ],
      [
        {
          "globalId": 55210,
          "transformId": 0,
        },
        {
          "globalId": 57309,
          "transformId": 0,
        },
        {
          "systemTag": 409,
        },
        {
          "passage": 0,
        },
      ],
      [
        {
          "priority": 1,
        },
        {
          "globalId": 54309,
          "transformId": 0,
        },
      ],
      [
        {
          "globalId": 55210,
          "transformId": 0,
        },
        {
          "globalId": 57309,
          "transformId": 0,
        },
        {
          "globalId": 58509,
          "transformId": 0,
        },
        {
          "systemTag": 409,
        },
        {
          "passage": 0,
        },
      ],
      [
        {
          "globalId": 55210,
          "transformId": 0,
        },
        {
          "globalId": 57309,
          "transformId": 0,
        },
        {
          "globalId": 58659,
          "transformId": 0,
        },
        {
          "systemTag": 410,
        },
        {
          "passage": 0,
        },
      ],
      [
        {
          "globalId": 57156,
          "transformId": 0,
        },
        {
          "systemTag": 409,
        },
        {
          "passage": 0,
        },
      ],
      [
        {
          "globalId": 57156,
          "transformId": 0,
        },
      ],
      [
        {
          "globalId": 64045,
          "transformId": 0,
        },
        {
          "systemTag": 427,
        },
        {
          "passage": 0,
        },
      ],
      [
        {
          "priority": 2,
        },
        {
          "globalId": 64045,
          "transformId": 0,
        },
      ],
      [
        {
          "globalId": 43577,
          "transformId": 0,
        },
        {
          "passage": 15,
        },
      ],
      [
        {
          "globalId": 61884,
          "transformId": 0,
        },
      ],
      [
        {
          "globalId": 43578,
          "transformId": 0,
        },
        {
          "passage": 15,
        },
      ],
      [
        {
          "globalId": 61885,
          "transformId": 0,
        },
        {
          "globalId": 43577,
          "transformId": 0,
        },
        {
          "passage": 15,
        },
      ],
      [
        {
          "priority": 3,
        },
        {
          "globalId": 64077,
          "transformId": 0,
        },
        {
          "systemTag": 411,
        },
      ],
      [
        {
          "globalId": 61886,
          "transformId": 0,
        },
      ],
      [
        {
          "globalId": 61883,
          "transformId": 0,
        },
        {
          "systemTag": 405,
        },
        {
          "passage": 0,
        },
      ],
      [
        {
          "globalId": 61884,
          "transformId": 0,
        },
        {
          "systemTag": 405,
        },
        {
          "passage": 0,
        },
      ],
      [
        {
          "globalId": 61885,
          "transformId": 0,
        },
        {
          "systemTag": 405,
        },
        {
          "passage": 0,
        },
      ],
      [
        {
          "globalId": 61886,
          "transformId": 0,
        },
        {
          "systemTag": 405,
        },
        {
          "passage": 0,
        },
      ],
      [
        {
          "globalId": 43692,
          "transformId": 0,
        },
        {
          "passage": 15,
        },
      ],
      [
        {
          "globalId": 62034,
          "transformId": 0,
        },
      ],
      [
        {
          "globalId": 43693,
          "transformId": 0,
        },
        {
          "passage": 15,
        },
      ],
      [
        {
          "globalId": 62035,
          "transformId": 0,
        },
        {
          "globalId": 43692,
          "transformId": 0,
        },
        {
          "passage": 15,
        },
      ],
      [
        {
          "priority": 3,
        },
        {
          "globalId": 64109,
          "transformId": 0,
        },
        {
          "systemTag": 411,
        },
      ],
      [
        {
          "globalId": 62036,
          "transformId": 0,
        },
      ],
      [
        {
          "globalId": 62033,
          "transformId": 0,
        },
        {
          "systemTag": 405,
        },
        {
          "passage": 0,
        },
      ],
      [
        {
          "globalId": 62034,
          "transformId": 0,
        },
        {
          "systemTag": 405,
        },
        {
          "passage": 0,
        },
      ],
      [
        {
          "globalId": 62035,
          "transformId": 0,
        },
        {
          "systemTag": 405,
        },
        {
          "passage": 0,
        },
      ],
      [
        {
          "globalId": 62036,
          "transformId": 0,
        },
        {
          "systemTag": 405,
        },
        {
          "passage": 0,
        },
      ],
      [
        {
          "globalId": 62183,
          "transformId": 0,
        },
        {
          "systemTag": 405,
        },
        {
          "passage": 0,
        },
      ],
      [
        {
          "globalId": 62184,
          "transformId": 0,
        },
        {
          "systemTag": 405,
        },
        {
          "passage": 0,
        },
      ],
      [
        {
          "globalId": 62185,
          "transformId": 0,
        },
        {
          "systemTag": 405,
        },
        {
          "passage": 0,
        },
      ],
      [
        {
          "globalId": 62186,
          "transformId": 0,
        },
        {
          "systemTag": 405,
        },
        {
          "passage": 0,
        },
      ],
      [
        {
          "globalId": 62333,
          "transformId": 0,
        },
        {
          "systemTag": 405,
        },
        {
          "passage": 0,
        },
      ],
      [
        {
          "globalId": 62334,
          "transformId": 0,
        },
        {
          "systemTag": 405,
        },
        {
          "passage": 0,
        },
      ],
      [
        {
          "globalId": 62335,
          "transformId": 0,
        },
        {
          "systemTag": 405,
        },
        {
          "passage": 0,
        },
      ],
      [
        {
          "globalId": 62336,
          "transformId": 0,
        },
        {
          "systemTag": 405,
        },
        {
          "passage": 0,
        },
      ],
      [
        {
          "globalId": 57026,
          "transformId": 0,
        },
        {
          "systemTag": 409,
        },
        {
          "passage": 0,
        },
      ],
      [
        {
          "globalId": 57026,
          "transformId": 0,
        },
      ],
      [
        {
          "globalId": 57010,
          "transformId": 0,
        },
        {
          "systemTag": 409,
        },
        {
          "passage": 0,
        },
      ],
      [
        {
          "globalId": 57010,
          "transformId": 0,
        },
      ],
      [
        {
          "globalId": 57160,
          "transformId": 0,
        },
        {
          "systemTag": 409,
        },
        {
          "passage": 0,
        },
      ],
      [
        {
          "globalId": 43232,
          "transformId": 0,
        },
        {
          "systemTag": 385,
        },
        {
          "passage": 1,
        },
      ],
      [
        {
          "globalId": 62334,
          "transformId": 0,
        },
      ],
      [
        {
          "globalId": 43233,
          "transformId": 0,
        },
        {
          "systemTag": 385,
        },
        {
          "passage": 1,
        },
      ],
      [
        {
          "globalId": 62335,
          "transformId": 0,
        },
        {
          "globalId": 43232,
          "transformId": 0,
        },
        {
          "systemTag": 385,
        },
        {
          "passage": 1,
        },
      ],
      [
        {
          "priority": 3,
        },
        {
          "globalId": 64141,
          "transformId": 0,
        },
        {
          "systemTag": 411,
        },
      ],
      [
        {
          "globalId": 62336,
          "transformId": 0,
        },
      ],
      [
        {
          "globalId": 64173,
          "transformId": 0,
        },
        {
          "systemTag": 427,
        },
        {
          "passage": 0,
        },
      ],
      [
        {
          "priority": 2,
        },
        {
          "globalId": 64173,
          "transformId": 0,
        },
      ],
    ],
    "tilesets": [
      {
        "firstGlobalId": 1,
        "source": "../Tilesets/TECH-borders.tsx",
      },
      {
        "firstGlobalId": 361,
        "source": "../Tilesets/TECH-Assets.tsx",
      },
      {
        "firstGlobalId": 8041,
        "source": "../Tilesets/systemtags.tsx",
      },
      {
        "firstGlobalId": 8169,
        "source": "../Tilesets/TECH-Nature.tsx",
      },
      {
        "firstGlobalId": 18522,
        "source": "../Tilesets/passages.tsx",
      },
      {
        "firstGlobalId": 18538,
        "source": "../Tilesets/TECH-Buildings.tsx",
      },
      {
        "firstGlobalId": 43114,
        "source": "../Tilesets/TECH-Mounts.tsx",
      },
      {
        "firstGlobalId": 54154,
        "source": "../Tilesets/TECH-Caves.tsx",
      },
      {
        "firstGlobalId": 63604,
        "source": "../Tilesets/TECH-Misc..tsx",
      },
    ],
    "width": 68,
  },
}
`;
